Archive member included because of file (symbol)

..\..\..\libs\libarm_cortexM4lf_math.a(arm_fill_q15.o)
                              ..\obj\audio_driver.o (arm_fill_q15)
..\..\..\libs\libarm_cortexM4lf_math.a(arm_copy_f32.o)
                              ..\obj\audio_driver.o (arm_copy_f32)
..\..\..\libs\libarm_cortexM4lf_math.a(arm_min_f32.o)
                              ..\obj\audio_driver.o (arm_min_f32)
..\..\..\libs\libarm_cortexM4lf_math.a(arm_mean_f32.o)
                              ..\obj\audio_driver.o (arm_mean_f32)
..\..\..\libs\libarm_cortexM4lf_math.a(arm_max_q15.o)
                              ..\obj\ui_driver.o (arm_max_q15)
..\..\..\libs\libarm_cortexM4lf_math.a(arm_max_f32.o)
                              ..\obj\audio_driver.o (arm_max_f32)
..\..\..\libs\libarm_cortexM4lf_math.a(arm_rfft_q15.o)
                              ..\obj\ui_driver.o (arm_rfft_q15)
..\..\..\libs\libarm_cortexM4lf_math.a(arm_rfft_init_q15.o)
                              ..\obj\ui_driver.o (arm_rfft_init_q15)
..\..\..\libs\libarm_cortexM4lf_math.a(arm_cfft_radix4_q15.o)
                              ..\..\..\libs\libarm_cortexM4lf_math.a(arm_rfft_q15.o) (arm_radix4_butterfly_q15)
..\..\..\libs\libarm_cortexM4lf_math.a(arm_cfft_radix4_init_q15.o)
                              ..\..\..\libs\libarm_cortexM4lf_math.a(arm_rfft_init_q15.o) (arm_cfft_radix4_init_q15)
..\..\..\libs\libarm_cortexM4lf_math.a(arm_lms_norm_init_f32.o)
                              ..\obj\audio_driver.o (arm_lms_norm_init_f32)
..\..\..\libs\libarm_cortexM4lf_math.a(arm_lms_norm_f32.o)
                              ..\obj\audio_driver.o (arm_lms_norm_f32)
..\..\..\libs\libarm_cortexM4lf_math.a(arm_iir_lattice_f32.o)
                              ..\obj\audio_driver.o (arm_iir_lattice_f32)
..\..\..\libs\libarm_cortexM4lf_math.a(arm_fir_interpolate_f32.o)
                              ..\obj\audio_driver.o (arm_fir_interpolate_f32)
..\..\..\libs\libarm_cortexM4lf_math.a(arm_fir_init_f32.o)
                              ..\obj\ui_driver.o (arm_fir_init_f32)
..\..\..\libs\libarm_cortexM4lf_math.a(arm_fir_f32.o)
                              ..\obj\audio_driver.o (arm_fir_f32)
..\..\..\libs\libarm_cortexM4lf_math.a(arm_fir_decimate_f32.o)
                              ..\obj\audio_driver.o (arm_fir_decimate_f32)
..\..\..\libs\libarm_cortexM4lf_math.a(arm_cmplx_mag_q15.o)
                              ..\obj\ui_driver.o (arm_cmplx_mag_q15)
..\..\..\libs\libarm_cortexM4lf_math.a(arm_sqrt_q15.o)
                              ..\..\..\libs\libarm_cortexM4lf_math.a(arm_cmplx_mag_q15.o) (arm_sqrt_q15)
..\..\..\libs\libarm_cortexM4lf_math.a(arm_sin_f32.o)
                              ..\obj\audio_driver.o (arm_sin_f32)
..\..\..\libs\libarm_cortexM4lf_math.a(arm_cos_f32.o)
                              ..\obj\audio_driver.o (arm_cos_f32)
..\..\..\libs\libarm_cortexM4lf_math.a(arm_sub_f32.o)
                              ..\obj\audio_driver.o (arm_sub_f32)
..\..\..\libs\libarm_cortexM4lf_math.a(arm_shift_q15.o)
                              ..\obj\ui_driver.o (arm_shift_q15)
..\..\..\libs\libarm_cortexM4lf_math.a(arm_scale_f32.o)
                              ..\obj\audio_driver.o (arm_scale_f32)
..\..\..\libs\libarm_cortexM4lf_math.a(arm_mult_f32.o)
                              ..\obj\audio_driver.o (arm_mult_f32)
..\..\..\libs\libarm_cortexM4lf_math.a(arm_add_f32.o)
                              ..\obj\audio_driver.o (arm_add_f32)
..\..\..\libs\libarm_cortexM4lf_math.a(arm_common_tables.o)
                              ..\..\..\libs\libarm_cortexM4lf_math.a(arm_sqrt_q15.o) (armRecipTableQ15)
..\..\..\libs\libm.a(lib_a-s_pow10.o)
                              ..\obj\ui_driver.o (pow10)
..\..\..\libs\libm.a(lib_a-sf_ceil.o)
                              ..\obj\ui_si570.o (ceilf)
..\..\..\libs\libm.a(lib_a-sf_floor.o)
                              ..\obj\ui_si570.o (floorf)
..\..\..\libs\libm.a(lib_a-sf_trunc.o)
                              ..\obj\ui_driver.o (truncf)
..\..\..\libs\libm.a(lib_a-w_pow.o)
                              ..\..\..\libs\libm.a(lib_a-s_pow10.o) (pow)
..\..\..\libs\libm.a(lib_a-w_sqrt.o)
                              ..\obj\ui_driver.o (sqrt)
..\..\..\libs\libm.a(lib_a-wf_log10.o)
                              ..\obj\audio_driver.o (log10f)
..\..\..\libs\libm.a(lib_a-wf_pow.o)
                              ..\obj\audio_driver.o (powf)
..\..\..\libs\libm.a(lib_a-wf_sqrt.o)
                              ..\obj\audio_driver.o (sqrtf)
..\..\..\libs\libm.a(lib_a-e_pow.o)
                              ..\..\..\libs\libm.a(lib_a-w_pow.o) (__ieee754_pow)
..\..\..\libs\libm.a(lib_a-e_sqrt.o)
                              ..\..\..\libs\libm.a(lib_a-w_sqrt.o) (__ieee754_sqrt)
..\..\..\libs\libm.a(lib_a-ef_log10.o)
                              ..\..\..\libs\libm.a(lib_a-wf_log10.o) (__ieee754_log10f)
..\..\..\libs\libm.a(lib_a-ef_pow.o)
                              ..\..\..\libs\libm.a(lib_a-wf_pow.o) (__ieee754_powf)
[...]
Memory Configuration

Name             Origin             Length             Attributes
rom              0x08010000         0x00070000         xr
ram              0x20000000         0x00020000         xrw
ram1             0x10000000         0x00010000         xrw
*default*        0x00000000         0xffffffff

Linker script and memory map

LOAD c:/program files/gnu tools arm embedded/4.9 2014q4/bin/../lib/gcc/arm-none-eabi/4.9.3/armv7e-m/fpu/crti.o
LOAD c:/program files/gnu tools arm embedded/4.9 2014q4/bin/../lib/gcc/arm-none-eabi/4.9.3/armv7e-m/fpu/crtbegin.o
LOAD c:/program files/gnu tools arm embedded/4.9 2014q4/bin/../lib/gcc/arm-none-eabi/4.9.3/../../../../arm-none-eabi/lib/armv7e-m/fpu/crt0.o
                0x20020000                _eram = 0x20020000

.text           0x08010000    0x2a3e0
 *(.isr_vector)
 .isr_vector    0x08010000      0x188 ..\obj\startup_stm32f4xx.o
                0x08010000                g_pfnVectors
 *(.text*)
 .text          0x08010188       0x5c c:/program files/gnu tools arm embedded/4.9 2014q4/bin/../lib/gcc/arm-none-eabi/4.9.3/armv7e-m/fpu/crtbegin.o
 .text.SYSCFG_EXTILineConfig
                0x080101e4       0x30 ..\obj\stm32f4xx_syscfg.o
                0x080101e4                SYSCFG_EXTILineConfig
 .text.USB_OTG_EnableCommonInt
                0x08010214       0x1c ..\obj\usb_core.o
 .text.USB_OTG_CoreReset
                0x08010230       0x6c ..\obj\usb_core.o
 .text.USB_OTG_WritePacket
                0x0801029c       0x2c ..\obj\usb_core.o
                0x0801029c                USB_OTG_WritePacket
 .text.USB_OTG_ReadPacket
                0x080102c8       0x28 ..\obj\usb_core.o
                0x080102c8                USB_OTG_ReadPacket
 .text.USB_OTG_SelectCore
                0x080102f0       0xd0 ..\obj\usb_core.o
                0x080102f0                USB_OTG_SelectCore
 .text.USB_OTG_CoreInit
                0x080103c0       0x90 ..\obj\usb_core.o
                0x080103c0                USB_OTG_CoreInit
 .text.USB_OTG_EnableGlobalInt
                0x08010450       0x10 ..\obj\usb_core.o
                0x08010450                USB_OTG_EnableGlobalInt
 .text.USB_OTG_DisableGlobalInt
                0x08010460       0x10 ..\obj\usb_core.o
                0x08010460                USB_OTG_DisableGlobalInt
 .text.USB_OTG_FlushTxFifo
                0x08010470       0x54 ..\obj\usb_core.o
                0x08010470                USB_OTG_FlushTxFifo
 .text.USB_OTG_FlushRxFifo
                0x080104c4       0x44 ..\obj\usb_core.o
                0x080104c4                USB_OTG_FlushRxFifo
 .text.USB_OTG_SetCurrentMode
                0x08010508       0x2c ..\obj\usb_core.o
                0x08010508                USB_OTG_SetCurrentMode
 .text.USB_OTG_IsDeviceMode
                0x08010534       0x10 ..\obj\usb_core.o
                0x08010534                USB_OTG_IsDeviceMode
 .text.USB_OTG_ReadCoreItr
                0x08010544        0xc ..\obj\usb_core.o
                0x08010544                USB_OTG_ReadCoreItr
 .text.USB_OTG_EnableDevInt
                0x08010550       0x38 ..\obj\usb_core.o
                0x08010550                USB_OTG_EnableDevInt
 .text.USB_OTG_CoreInitDev
                0x08010588       0xdc ..\obj\usb_core.o
                0x08010588                USB_OTG_CoreInitDev
 .text.USB_OTG_GetDeviceSpeed
                0x08010664       0x20 ..\obj\usb_core.o
                0x08010664                USB_OTG_GetDeviceSpeed
 .text.USB_OTG_EP0Activate
                0x08010684       0x2c ..\obj\usb_core.o
                0x08010684                USB_OTG_EP0Activate
 .text.USB_OTG_EPActivate
                0x080106b0       0x68 ..\obj\usb_core.o
                0x080106b0                USB_OTG_EPActivate
 .text.USB_OTG_EPDeactivate
                0x08010718       0x44 ..\obj\usb_core.o
                0x08010718                USB_OTG_EPDeactivate
 .text.USB_OTG_EPStartXfer
                0x0801075c      0x12c ..\obj\usb_core.o
                0x0801075c                USB_OTG_EPStartXfer
 .text.USB_OTG_EP0StartXfer
                0x08010888      0x11c ..\obj\usb_core.o
                0x08010888                USB_OTG_EP0StartXfer
 .text.USB_OTG_EPSetStall
                0x080109a4       0x40 ..\obj\usb_core.o
                0x080109a4                USB_OTG_EPSetStall
 .text.USB_OTG_EPClearStall
                0x080109e4       0x2c ..\obj\usb_core.o
                0x080109e4                USB_OTG_EPClearStall
 .text.USB_OTG_ReadDevAllOutEp_itr
                0x08010a10        0xc ..\obj\usb_core.o
                0x08010a10                USB_OTG_ReadDevAllOutEp_itr
 .text.USB_OTG_ReadDevOutEP_itr
                0x08010a1c       0x10 ..\obj\usb_core.o
                0x08010a1c                USB_OTG_ReadDevOutEP_itr
 .text.USB_OTG_ReadDevAllInEPItr
                0x08010a2c        0xc ..\obj\usb_core.o
                0x08010a2c                USB_OTG_ReadDevAllInEPItr
 .text.USB_OTG_EP0_OutStart
                0x08010a38       0x44 ..\obj\usb_core.o
                0x08010a38                USB_OTG_EP0_OutStart
 .text.UiRotaryFreqEncoderInit
                0x08010a7c       0x94 ..\obj\ui_rotary.o
                0x08010a7c                UiRotaryFreqEncoderInit
 .text.UiRotaryEncoderOneInit
                0x08010b10       0x94 ..\obj\ui_rotary.o
                0x08010b10                UiRotaryEncoderOneInit
 .text.UiRotaryEncoderTwoInit
                0x08010ba4       0x98 ..\obj\ui_rotary.o
                0x08010ba4                UiRotaryEncoderTwoInit
 .text.UiRotaryEncoderThreeInit
                0x08010c3c       0x90 ..\obj\ui_rotary.o
                0x08010c3c                UiRotaryEncoderThreeInit
 .text.USBD_USR_Init
                0x08010ccc        0x4 ..\obj\usbd_usr.o
                0x08010ccc                USBD_USR_Init
 .text.USBD_USR_DeviceReset
                0x08010cd0        0x4 ..\obj\usbd_usr.o
                0x08010cd0                USBD_USR_DeviceReset
 .text.USBD_USR_DeviceConfigured
                0x08010cd4        0x4 ..\obj\usbd_usr.o
                0x08010cd4                USBD_USR_DeviceConfigured
 .text.USBD_USR_DeviceSuspended
                0x08010cd8        0x4 ..\obj\usbd_usr.o
                0x08010cd8                USBD_USR_DeviceSuspended
 .text.USBD_USR_DeviceResumed
                0x08010cdc        0x4 ..\obj\usbd_usr.o
                0x08010cdc                USBD_USR_DeviceResumed
 .text.USBD_USR_DeviceConnected
                0x08010ce0        0x4 ..\obj\usbd_usr.o
                0x08010ce0                USBD_USR_DeviceConnected
 .text.USBD_USR_DeviceDisconnected
                0x08010ce4        0x4 ..\obj\usbd_usr.o
                0x08010ce4                USBD_USR_DeviceDisconnected
 .text.WaitSR1FlagsSet
                0x08010ce8       0x24 ..\obj\mchf_hw_i2c.o
 .text.WaitLineIdle
                0x08010d0c       0x24 ..\obj\mchf_hw_i2c.o
 .text.mchf_hw_i2c_init
                0x08010d30       0x98 ..\obj\mchf_hw_i2c.o
                0x08010d30                mchf_hw_i2c_init
 .text.mchf_hw_i2c_WriteRegister
                0x08010dc8      0x15c ..\obj\mchf_hw_i2c.o
                0x08010dc8                mchf_hw_i2c_WriteRegister
 .text.mchf_hw_i2c_WriteBlock
                0x08010f24      0x170 ..\obj\mchf_hw_i2c.o
                0x08010f24                mchf_hw_i2c_WriteBlock
 .text.mchf_hw_i2c_ReadRegister
                0x08011094      0x200 ..\obj\mchf_hw_i2c.o
                0x08011094                mchf_hw_i2c_ReadRegister
 .text.mchf_hw_i2c_ReadData
                0x08011294      0x284 ..\obj\mchf_hw_i2c.o
                0x08011294                mchf_hw_i2c_ReadData
 .text.TIM2_IRQHandler
                0x08011518        0x8 ..\obj\keyb_driver.o
                0x08011518                TIM2_IRQHandler
 .text.OTG_HS_IRQHandler
                0x08011520        0x4 ..\obj\keyb_driver.o
                0x08011520                OTG_HS_IRQHandler
 .text.DAC_Init
                0x08011524       0x2c ..\obj\stm32f4xx_dac.o
                0x08011524                DAC_Init
 .text.DAC_Cmd  0x08011550       0x24 ..\obj\stm32f4xx_dac.o
                0x08011550                DAC_Cmd
 .text.DAC_SetChannel1Data
                0x08011574       0x20 ..\obj\stm32f4xx_dac.o
                0x08011574                DAC_SetChannel1Data
 .text.DAC_SetChannel2Data
                0x08011594       0x20 ..\obj\stm32f4xx_dac.o
                0x08011594                DAC_SetChannel2Data
 .text.Default_Handler
                0x080115b4        0x4 ..\obj\startup_stm32f4xx.o
                0x080115b4                RTC_Alarm_IRQHandler
                0x080115b4                HASH_RNG_IRQHandler
                0x080115b4                EXTI2_IRQHandler
                0x080115b4                TIM8_CC_IRQHandler
                0x080115b4                TIM1_CC_IRQHandler
                0x080115b4                DMA2_Stream5_IRQHandler
                0x080115b4                DMA1_Stream5_IRQHandler
                0x080115b4                PVD_IRQHandler
                0x080115b4                SDIO_IRQHandler
                0x080115b4                TAMP_STAMP_IRQHandler
                0x080115b4                PendSV_Handler
                0x080115b4                CAN2_RX1_IRQHandler
                0x080115b4                EXTI3_IRQHandler
                0x080115b4                TIM8_TRG_COM_TIM14_IRQHandler
                0x080115b4                TIM1_UP_TIM10_IRQHandler
                0x080115b4                TIM8_UP_TIM13_IRQHandler
                0x080115b4                I2C3_ER_IRQHandler
                0x080115b4                I2C2_EV_IRQHandler
                0x080115b4                CAN1_RX0_IRQHandler
                0x080115b4                FPU_IRQHandler
                0x080115b4                OTG_HS_WKUP_IRQHandler
                0x080115b4                CAN2_SCE_IRQHandler
                0x080115b4                DMA2_Stream2_IRQHandler
                0x080115b4                SPI1_IRQHandler
                0x080115b4                TIM6_DAC_IRQHandler
                0x080115b4                TIM1_BRK_TIM9_IRQHandler
                0x080115b4                DCMI_IRQHandler
                0x080115b4                CAN2_RX0_IRQHandler
                0x080115b4                DMA2_Stream3_IRQHandler
                0x080115b4                USART6_IRQHandler
                0x080115b4                USART3_IRQHandler
                0x080115b4                CRYP_IRQHandler
                0x080115b4                CAN1_RX1_IRQHandler
                0x080115b4                UART5_IRQHandler
                0x080115b4                DMA2_Stream0_IRQHandler
                0x080115b4                TIM4_IRQHandler
                0x080115b4                I2C1_EV_IRQHandler
                0x080115b4                DMA1_Stream6_IRQHandler
                0x080115b4                DMA1_Stream1_IRQHandler
                0x080115b4                UART4_IRQHandler
                0x080115b4                TIM3_IRQHandler
                0x080115b4                RCC_IRQHandler
                0x080115b4                TIM8_BRK_TIM12_IRQHandler
                0x080115b4                ADC_IRQHandler
                0x080115b4                DMA1_Stream7_IRQHandler
                0x080115b4                TIM7_IRQHandler
                0x080115b4                CAN2_TX_IRQHandler
                0x080115b4                TIM5_IRQHandler
                0x080115b4                DMA2_Stream7_IRQHandler
                0x080115b4                I2C3_EV_IRQHandler
                0x080115b4                EXTI9_5_IRQHandler
                0x080115b4                RTC_WKUP_IRQHandler
                0x080115b4                ETH_WKUP_IRQHandler
                0x080115b4                SPI2_IRQHandler
                0x080115b4                OTG_HS_EP1_IN_IRQHandler
                0x080115b4                DMA1_Stream0_IRQHandler
                0x080115b4                CAN1_TX_IRQHandler
                0x080115b4                EXTI4_IRQHandler
                0x080115b4                FSMC_IRQHandler
                0x080115b4                ETH_IRQHandler
                0x080115b4                OTG_HS_EP1_OUT_IRQHandler
                0x080115b4                WWDG_IRQHandler
                0x080115b4                OTG_FS_WKUP_IRQHandler
                0x080115b4                TIM1_TRG_COM_TIM11_IRQHandler
                0x080115b4                USART2_IRQHandler
                0x080115b4                I2C2_ER_IRQHandler
                0x080115b4                DMA2_Stream1_IRQHandler
                0x080115b4                CAN1_SCE_IRQHandler
                0x080115b4                FLASH_IRQHandler
                0x080115b4                DMA2_Stream4_IRQHandler
                0x080115b4                USART1_IRQHandler
                0x080115b4                SPI3_IRQHandler
                0x080115b4                DMA1_Stream4_IRQHandler
                0x080115b4                I2C1_ER_IRQHandler
                0x080115b4                DMA2_Stream6_IRQHandler
                0x080115b4                DMA1_Stream3_IRQHandler
 .text.Default_Reset_Handler
                0x080115b8       0x68 ..\obj\startup_stm32f4xx.o
                0x080115b8                Default_Reset_Handler
                0x080115b8                Reset_Handler
 .text.USBD_Resume
                0x08011620       0x18 ..\obj\usbd_core.o
 .text.USBD_Suspend
                0x08011638       0x1c ..\obj\usbd_core.o
 .text.USBD_SOF
                0x08011654       0x10 ..\obj\usbd_core.o
 .text.USBD_IsoINIncomplete
                0x08011664       0x10 ..\obj\usbd_core.o
 .text.USBD_IsoOUTIncomplete
                0x08011674       0x10 ..\obj\usbd_core.o
 .text.USBD_Reset
                0x08011684       0x30 ..\obj\usbd_core.o
 .text.USBD_SetupStage
                0x080116b4       0x50 ..\obj\usbd_core.o
 .text.USBD_DataInStage
                0x08011704       0xbc ..\obj\usbd_core.o
 .text.USBD_DataOutStage
                0x080117c0       0x78 ..\obj\usbd_core.o
 .text.USBD_Init
                0x08011838       0x2c ..\obj\usbd_core.o
                0x08011838                USBD_Init
 .text.USBD_DeInit
                0x08011864       0x14 ..\obj\usbd_core.o
                0x08011864                USBD_DeInit
 .text.USBD_SetCfg
                0x08011878       0x18 ..\obj\usbd_core.o
                0x08011878                USBD_SetCfg
 .text.USBD_ClrCfg
                0x08011890       0x10 ..\obj\usbd_core.o
                0x08011890                USBD_ClrCfg
 .text.CriticalError
                0x080118a0       0x20 ..\obj\main.o
                0x080118a0                CriticalError
 .text.NMI_Handler
                0x080118c0       0x14 ..\obj\main.o
                0x080118c0                NMI_Handler
 .text.HardFault_Handler
                0x080118d4       0x14 ..\obj\main.o
                0x080118d4                HardFault_Handler
 .text.MemManage_Handler
                0x080118e8       0x14 ..\obj\main.o
                0x080118e8                MemManage_Handler
 .text.BusFault_Handler
                0x080118fc       0x14 ..\obj\main.o
                0x080118fc                BusFault_Handler
 .text.UsageFault_Handler
                0x08011910       0x14 ..\obj\main.o
                0x08011910                UsageFault_Handler
 .text.SVC_Handler
                0x08011924       0x14 ..\obj\main.o
                0x08011924                SVC_Handler
 .text.DebugMon_Handler
                0x08011938       0x14 ..\obj\main.o
                0x08011938                DebugMon_Handler
 .text.SysTick_Handler
                0x0801194c        0x8 ..\obj\main.o
                0x0801194c                SysTick_Handler
 .text.EXTI0_IRQHandler
                0x08011954       0x6c ..\obj\main.o
                0x08011954                EXTI0_IRQHandler
 .text.EXTI1_IRQHandler
                0x080119c0       0x34 ..\obj\main.o
                0x080119c0                EXTI1_IRQHandler
 .text.EXTI15_10_IRQHandler
                0x080119f4       0x14 ..\obj\main.o
                0x080119f4                EXTI15_10_IRQHandler
 .text.TransceiverStateInit
                0x08011a08      0x1dc ..\obj\main.o
                0x08011a08                TransceiverStateInit
 .text.MiscInit
                0x08011be4       0x1c ..\obj\main.o
                0x08011be4                MiscInit
 .text.main     0x08011c00       0x50 ..\obj\main.o
                0x08011c00                main
 .text.RCC_MCO2Config
                0x08011c50       0x14 ..\obj\stm32f4xx_rcc.o
                0x08011c50                RCC_MCO2Config
 .text.RCC_GetClocksFreq
                0x08011c64       0x94 ..\obj\stm32f4xx_rcc.o
                0x08011c64                RCC_GetClocksFreq
 .text.RCC_AHB1PeriphClockCmd
                0x08011cf8       0x1c ..\obj\stm32f4xx_rcc.o
                0x08011cf8                RCC_AHB1PeriphClockCmd
 .text.RCC_AHB2PeriphClockCmd
                0x08011d14       0x1c ..\obj\stm32f4xx_rcc.o
                0x08011d14                RCC_AHB2PeriphClockCmd
 .text.RCC_AHB3PeriphClockCmd
                0x08011d30       0x1c ..\obj\stm32f4xx_rcc.o
                0x08011d30                RCC_AHB3PeriphClockCmd
 .text.RCC_APB1PeriphClockCmd
                0x08011d4c       0x1c ..\obj\stm32f4xx_rcc.o
                0x08011d4c                RCC_APB1PeriphClockCmd
 .text.RCC_APB2PeriphClockCmd
                0x08011d68       0x1c ..\obj\stm32f4xx_rcc.o
                0x08011d68                RCC_APB2PeriphClockCmd
 .text.RCC_APB1PeriphResetCmd
                0x08011d84       0x1c ..\obj\stm32f4xx_rcc.o
                0x08011d84                RCC_APB1PeriphResetCmd
 .text.RCC_APB2PeriphResetCmd
                0x08011da0       0x1c ..\obj\stm32f4xx_rcc.o
                0x08011da0                RCC_APB2PeriphResetCmd
 .text.Codec_SidetoneSetgain
                0x08011dbc        0x4 ..\obj\codec.o
                0x08011dbc                Codec_SidetoneSetgain
 .text.Codec_WriteRegister
                0x08011dc0       0x18 ..\obj\codec.o
                0x08011dc0                Codec_WriteRegister
 .text.Codec_Volume
                0x08011dd8       0x6c ..\obj\codec.o
                0x08011dd8                Codec_Volume
 .text.Codec_Reset
                0x08011e44       0x8c ..\obj\codec.o
                0x08011e44                Codec_Reset
 .text.Codec_Mute
                0x08011ed0       0x18 ..\obj\codec.o
                0x08011ed0                Codec_Mute
 .text.Codec_AudioInterface_Init
                0x08011ee8       0x50 ..\obj\codec.o
                0x08011ee8                Codec_AudioInterface_Init
 .text.Codec_GPIO_Init
                0x08011f38       0xa8 ..\obj\codec.o
                0x08011f38                Codec_GPIO_Init
 .text.Codec_Init
                0x08011fe0       0x1c ..\obj\codec.o
                0x08011fe0                Codec_Init
 .text.Codec_Line_Gain_Adj
                0x08011ffc       0x10 ..\obj\codec.o
                0x08011ffc                Codec_Line_Gain_Adj
 .text.Codec_RX_TX
                0x0801200c      0x118 ..\obj\codec.o
                0x0801200c                Codec_RX_TX
 .text.ADC_Init
                0x08012124       0x50 ..\obj\stm32f4xx_adc.o
                0x08012124                ADC_Init
 .text.ADC_StructInit
                0x08012174       0x14 ..\obj\stm32f4xx_adc.o
                0x08012174                ADC_StructInit
 .text.ADC_CommonInit
                0x08012188       0x2c ..\obj\stm32f4xx_adc.o
                0x08012188                ADC_CommonInit
 .text.ADC_Cmd  0x080121b4       0x18 ..\obj\stm32f4xx_adc.o
                0x080121b4                ADC_Cmd
 .text.ADC_RegularChannelConfig
                0x080121cc       0x88 ..\obj\stm32f4xx_adc.o
                0x080121cc                ADC_RegularChannelConfig
 .text.ADC_SoftwareStartConv
                0x08012254        0xc ..\obj\stm32f4xx_adc.o
                0x08012254                ADC_SoftwareStartConv
 .text.ADC_GetConversionValue
                0x08012260        0x8 ..\obj\stm32f4xx_adc.o
                0x08012260                ADC_GetConversionValue
 .text.UiLcdHy28_SendByteSpi
                0x08012268       0x38 ..\obj\ui_lcd_hy28.o
 .text.UiLcdHy28_ReadByteSpi
                0x080122a0       0x54 ..\obj\ui_lcd_hy28.o
 .text.UiLcdHy28_BacklightInit
                0x080122f4       0x30 ..\obj\ui_lcd_hy28.o
                0x080122f4                UiLcdHy28_BacklightInit
 .text.UiLcdHy28_SpiInit
                0x08012324      0x104 ..\obj\ui_lcd_hy28.o
                0x08012324                UiLcdHy28_SpiInit
 .text.UiLcdHy28_SpiDeInit
                0x08012428       0x6c ..\obj\ui_lcd_hy28.o
                0x08012428                UiLcdHy28_SpiDeInit
 .text.UiLcdHy28_ParallelInit
                0x08012494      0x138 ..\obj\ui_lcd_hy28.o
                0x08012494                UiLcdHy28_ParallelInit
 .text.UiLcdHy28_Reset
                0x080125cc       0x24 ..\obj\ui_lcd_hy28.o
                0x080125cc                UiLcdHy28_Reset
 .text.UiLcdHy28_FSMCConfig
                0x080125f0       0x5c ..\obj\ui_lcd_hy28.o
                0x080125f0                UiLcdHy28_FSMCConfig
 .text.UiLcdHy28_WriteIndexSpi
                0x0801264c       0x34 ..\obj\ui_lcd_hy28.o
                0x0801264c                UiLcdHy28_WriteIndexSpi
 .text.UiLcdHy28_WriteDataSpi
                0x08012680       0x34 ..\obj\ui_lcd_hy28.o
                0x08012680                UiLcdHy28_WriteDataSpi
 .text.UiLcdHy28_WriteDataSpiStart
                0x080126b4        0xc ..\obj\ui_lcd_hy28.o
                0x080126b4                UiLcdHy28_WriteDataSpiStart
 .text.UiLcdHy28_WriteDataOnly
                0x080126c0       0x2c ..\obj\ui_lcd_hy28.o
                0x080126c0                UiLcdHy28_WriteDataOnly
 .text.UiLcdHy28_ReadDataSpi
                0x080126ec       0x3c ..\obj\ui_lcd_hy28.o
                0x080126ec                UiLcdHy28_ReadDataSpi
 .text.UiLcdHy28_WriteReg
                0x08012728       0x30 ..\obj\ui_lcd_hy28.o
                0x08012728                UiLcdHy28_WriteReg
 .text.UiLcdHy28_SetCursorA
                0x08012758       0x14 ..\obj\ui_lcd_hy28.o
 .text.UiLcdHy28_ReadReg
                0x0801276c       0x30 ..\obj\ui_lcd_hy28.o
                0x0801276c                UiLcdHy28_ReadReg
 .text.UiLcdHy28_LcdClear
                0x0801279c       0x64 ..\obj\ui_lcd_hy28.o
                0x0801279c                UiLcdHy28_LcdClear
 .text.UiLcdHy28_WriteRAM_Prepare
                0x08012800       0x38 ..\obj\ui_lcd_hy28.o
                0x08012800                UiLcdHy28_WriteRAM_Prepare
 .text.UiLcdHy28_DrawStraightLine
                0x08012838       0x9c ..\obj\ui_lcd_hy28.o
                0x08012838                UiLcdHy28_DrawStraightLine
 .text.UiLcdHy28_DrawHorizLineWithGrad
                0x080128d4       0x78 ..\obj\ui_lcd_hy28.o
                0x080128d4                UiLcdHy28_DrawHorizLineWithGrad
 .text.UiLcdHy28_DrawEmptyRect
                0x0801294c       0x54 ..\obj\ui_lcd_hy28.o
                0x0801294c                UiLcdHy28_DrawEmptyRect
 .text.UiLcdHy28_DrawBottomButton
                0x080129a0       0x44 ..\obj\ui_lcd_hy28.o
                0x080129a0                UiLcdHy28_DrawBottomButton
 .text.UiLcdHy28_DrawFullRect
                0x080129e4       0x3c ..\obj\ui_lcd_hy28.o
                0x080129e4                UiLcdHy28_DrawFullRect
 .text.UiLcdHy28_DrawChar
                0x08012a20       0xf8 ..\obj\ui_lcd_hy28.o
                0x08012a20                UiLcdHy28_DrawChar
 .text.UiLcdHy28_PrintText
                0x08012b18       0xb0 ..\obj\ui_lcd_hy28.o
                0x08012b18                UiLcdHy28_PrintText
 .text.UiLcdHy28_DrawSpectrum_Interleaved
                0x08012bc8      0x3a0 ..\obj\ui_lcd_hy28.o
                0x08012bc8                UiLcdHy28_DrawSpectrum_Interleaved
 .text.UiLcdHy28_InitA
                0x08012f68      0x568 ..\obj\ui_lcd_hy28.o
                0x08012f68                UiLcdHy28_InitA
 .text.UiLcdHy28_Init
                0x080134d0       0x44 ..\obj\ui_lcd_hy28.o
                0x080134d0                UiLcdHy28_Init
 .text.UiLcdHy28_ShowStartUpScreen
                0x08013514      0x20c ..\obj\ui_lcd_hy28.o
                0x08013514                UiLcdHy28_ShowStartUpScreen
 .text.PutString
                0x08013720       0x24 ..\obj\printf.o
                0x08013720                PutString
 .text.PutUnsignedInt
                0x08013744       0x50 ..\obj\printf.o
                0x08013744                PutUnsignedInt
 .text.PutSignedInt
                0x08013794       0x98 ..\obj\printf.o
                0x08013794                PutSignedInt
 .text.PutHexa  0x0801382c       0x60 ..\obj\printf.o
                0x0801382c                PutHexa
 .text.vsnprintf
                0x0801388c      0x144 ..\obj\printf.o
                0x0801388c                vsnprintf
 .text.vsprintf
                0x080139d0       0x14 ..\obj\printf.o
                0x080139d0                vsprintf
 .text.sprintf  0x080139e4       0x1c ..\obj\printf.o
                0x080139e4                sprintf
 .text.fputc    0x08013a00       0x1c ..\obj\printf.o
                0x08013a00                fputc
 .text.fputs    0x08013a1c       0x2c ..\obj\printf.o
                0x08013a1c                fputs
 .text.vfprintf
                0x08013a48       0x4c ..\obj\printf.o
                0x08013a48                vfprintf
 .text.vprintf  0x08013a94       0x18 ..\obj\printf.o
                0x08013a94                vprintf
 .text.printf   0x08013aac       0x1c ..\obj\printf.o
                0x08013aac                printf
 .text.USBH_OTG_BSP_TimerIRQ
                0x08013ac8       0x38 ..\obj\usbh_bsp.o
                0x08013ac8                USBH_OTG_BSP_TimerIRQ
 .text.USBD_USR_DeviceDescriptor
                0x08013b00        0xc ..\obj\usbd_desc.o
                0x08013b00                USBD_USR_DeviceDescriptor
 .text.USBD_USR_LangIDStrDescriptor
                0x08013b0c        0xc ..\obj\usbd_desc.o
                0x08013b0c                USBD_USR_LangIDStrDescriptor
 .text.USBD_USR_ProductStrDescriptor
                0x08013b18       0x28 ..\obj\usbd_desc.o
                0x08013b18                USBD_USR_ProductStrDescriptor
 .text.USBD_USR_ManufacturerStrDescriptor
                0x08013b40       0x1c ..\obj\usbd_desc.o
                0x08013b40                USBD_USR_ManufacturerStrDescriptor
 .text.USBD_USR_SerialStrDescriptor
                0x08013b5c       0x28 ..\obj\usbd_desc.o
                0x08013b5c                USBD_USR_SerialStrDescriptor
 .text.USBD_USR_ConfigStrDescriptor
                0x08013b84       0x18 ..\obj\usbd_desc.o
                0x08013b84                USBD_USR_ConfigStrDescriptor
 .text.USBD_USR_InterfaceStrDescriptor
                0x08013b9c       0x18 ..\obj\usbd_desc.o
                0x08013b9c                USBD_USR_InterfaceStrDescriptor
 .text.FSMC_NORSRAMInit
                0x08013bb4       0xc8 ..\obj\stm32f4xx_fsmc.o
                0x08013bb4                FSMC_NORSRAMInit
 .text.FSMC_NORSRAMCmd
                0x08013c7c       0x28 ..\obj\stm32f4xx_fsmc.o
                0x08013c7c                FSMC_NORSRAMCmd
 .text.GPIO_Init
                0x08013ca4       0x8c ..\obj\stm32f4xx_gpio.o
                0x08013ca4                GPIO_Init
 .text.GPIO_ReadInputDataBit
                0x08013d30        0xc ..\obj\stm32f4xx_gpio.o
                0x08013d30                GPIO_ReadInputDataBit
 .text.GPIO_SetBits
                0x08013d3c        0x4 ..\obj\stm32f4xx_gpio.o
                0x08013d3c                GPIO_SetBits
 .text.GPIO_ResetBits
                0x08013d40        0x4 ..\obj\stm32f4xx_gpio.o
                0x08013d40                GPIO_ResetBits
 .text.GPIO_PinAFConfig
                0x08013d44       0x28 ..\obj\stm32f4xx_gpio.o
                0x08013d44                GPIO_PinAFConfig
 .text.FLASH_Unlock
                0x08013d6c       0x20 ..\obj\stm32f4xx_flash.o
                0x08013d6c                FLASH_Unlock
 .text.FLASH_Lock
                0x08013d8c       0x10 ..\obj\stm32f4xx_flash.o
                0x08013d8c                FLASH_Lock
 .text.FLASH_GetStatus
                0x08013d9c       0x40 ..\obj\stm32f4xx_flash.o
                0x08013d9c                FLASH_GetStatus
 .text.FLASH_WaitForLastOperation
                0x08013ddc       0x38 ..\obj\stm32f4xx_flash.o
                0x08013ddc                FLASH_WaitForLastOperation
 .text.FLASH_EraseSector
                0x08013e14       0x6c ..\obj\stm32f4xx_flash.o
                0x08013e14                FLASH_EraseSector
 .text.FLASH_ProgramHalfWord
                0x08013e80       0x3c ..\obj\stm32f4xx_flash.o
                0x08013e80                FLASH_ProgramHalfWord
 .text.VCP_DeInit
                0x08013ebc        0x4 ..\obj\usbd_cdc_vcp.o
 .text.VCP_DataTx
                0x08013ec0       0x20 ..\obj\usbd_cdc_vcp.o
 .text.VCP_DataRx
                0x08013ee0       0x10 ..\obj\usbd_cdc_vcp.o
 .text.VCP_Ctrl
                0x08013ef0       0xb4 ..\obj\usbd_cdc_vcp.o
 .text.VCP_Init
                0x08013fa4       0x10 ..\obj\usbd_cdc_vcp.o
 .text.SystemInit
                0x08013fb4      0x138 ..\obj\system_stm32f4xx.o
                0x08013fb4                SystemInit
 .text.DMA_DeInit
                0x080140ec      0x154 ..\obj\stm32f4xx_dma.o
                0x080140ec                DMA_DeInit
 .text.DMA_Init
                0x08014240       0x58 ..\obj\stm32f4xx_dma.o
                0x08014240                DMA_Init
 .text.DMA_Cmd  0x08014298       0x18 ..\obj\stm32f4xx_dma.o
                0x08014298                DMA_Cmd
 .text.DMA_GetFlagStatus
                0x080142b0       0x3c ..\obj\stm32f4xx_dma.o
                0x080142b0                DMA_GetFlagStatus
 .text.DMA_ClearFlag
                0x080142ec       0x34 ..\obj\stm32f4xx_dma.o
                0x080142ec                DMA_ClearFlag
 .text.DMA_ITConfig
                0x08014320       0x44 ..\obj\stm32f4xx_dma.o
                0x08014320                DMA_ITConfig
 .text.I2S_Block_Init
                0x08014364       0xf4 ..\obj\i2s.o
                0x08014364                I2S_Block_Init
 .text.I2S_Block_Process
                0x08014458       0x7c ..\obj\i2s.o
                0x08014458                I2S_Block_Process
 .text.DMA1_Stream2_IRQHandler
                0x080144d4       0x84 ..\obj\i2s.o
                0x080144d4                DMA1_Stream2_IRQHandler
 .text.audio_tx_compressor
                0x08014558      0x1b0 ..\obj\audio_driver.o
 .text.audio_rx_freq_conv
                0x08014708      0x174 ..\obj\audio_driver.o
 .text.audio_driver_set_rx_audio_filter
                0x0801487c      0x588 ..\obj\audio_driver.o
                0x0801487c                audio_driver_set_rx_audio_filter
 *fill*         0x08014e04        0x4 
 .text.audio_driver_init
                0x08014e08      0x330 ..\obj\audio_driver.o
                0x08014e08                audio_driver_init
 .text.I2S_RX_CallBack
                0x08015138     0x1a98 ..\obj\audio_driver.o
                0x08015138                I2S_RX_CallBack
 .text.USBD_ParseSetupRequest
                0x08016bd0       0x44 ..\obj\usbd_req.o
                0x08016bd0                USBD_ParseSetupRequest
 .text.USBD_CtlError
                0x08016c14       0x1c ..\obj\usbd_req.o
                0x08016c14                USBD_CtlError
 .text.USBD_StdDevReq
                0x08016c30      0x328 ..\obj\usbd_req.o
                0x08016c30                USBD_StdDevReq
 .text.USBD_StdItfReq
                0x08016f58       0x38 ..\obj\usbd_req.o
                0x08016f58                USBD_StdItfReq
 .text.USBD_StdEPReq
                0x08016f90      0x120 ..\obj\usbd_req.o
                0x08016f90                USBD_StdEPReq
 .text.USBD_GetString
                0x080170b0       0x48 ..\obj\usbd_req.o
                0x080170b0                USBD_GetString
 .text.USBD_OTG_ISR_Handler
                0x080170f8      0x4f4 ..\obj\usb_dcd_int.o
                0x080170f8                USBD_OTG_ISR_Handler
 .text.UiDriverUpdateMenuLines
                0x080175ec     0x2604 ..\obj\ui_menu.o
 .text.UiDriverUpdateConfigMenuLines
                0x08019bf0     0x24d8 ..\obj\ui_menu.o
 .text.UiDriverUpdateMenu
                0x0801c0c8      0xd00 ..\obj\ui_menu.o
                0x0801c0c8                UiDriverUpdateMenu
 .text.usbd_cdc_EP0_RxReady
                0x0801cdc8       0x30 ..\obj\usbd_cdc_core.o
 .text.USBD_cdc_GetCfgDesc
                0x0801cdf8        0xc ..\obj\usbd_cdc_core.o
 .text.usbd_cdc_SOF
                0x0801ce04       0x98 ..\obj\usbd_cdc_core.o
 .text.usbd_cdc_DataIn
                0x0801ce9c       0x54 ..\obj\usbd_cdc_core.o
 .text.usbd_cdc_DataOut
                0x0801cef0       0x34 ..\obj\usbd_cdc_core.o
 .text.usbd_cdc_Setup
                0x0801cf24       0xcc ..\obj\usbd_cdc_core.o
 .text.usbd_cdc_DeInit
                0x0801cff0       0x28 ..\obj\usbd_cdc_core.o
 .text.usbd_cdc_Init
                0x0801d018       0x54 ..\obj\usbd_cdc_core.o
 .text.ui_si570_verify_frequency
                0x0801d06c       0x38 ..\obj\ui_si570.o
 .text.ui_si570_large_frequency_change
                0x0801d0a4       0xb4 ..\obj\ui_si570.o
 .text.ui_si570_get_configuration
                0x0801d158      0x15c ..\obj\ui_si570.o
                0x0801d158                ui_si570_get_configuration
 *fill*         0x0801d2b4        0x4 
 .text.ui_si570_set_frequency
                0x0801d2b8      0x308 ..\obj\ui_si570.o
                0x0801d2b8                ui_si570_set_frequency
 .text.ui_si570_init_temp_sensor
                0x0801d5c0       0x3c ..\obj\ui_si570.o
                0x0801d5c0                ui_si570_init_temp_sensor
 .text.ui_si570_conv_temp
                0x0801d5fc       0x54 ..\obj\ui_si570.o
                0x0801d5fc                ui_si570_conv_temp
 .text.ui_si570_read_temp
                0x0801d650       0x28 ..\obj\ui_si570.o
                0x0801d650                ui_si570_read_temp
 .text.OTG_FS_IRQHandler
                0x0801d678       0x10 ..\obj\cat_driver.o
                0x0801d678                OTG_FS_IRQHandler
 .text.cat_driver_init
                0x0801d688       0x34 ..\obj\cat_driver.o
                0x0801d688                cat_driver_init
 .text.cat_driver_stop
                0x0801d6bc       0x18 ..\obj\cat_driver.o
                0x0801d6bc                cat_driver_stop
 .text.SPI_I2S_DeInit
                0x0801d6d4       0x64 ..\obj\stm32f4xx_spi.o
                0x0801d6d4                SPI_I2S_DeInit
 .text.SPI_Init
                0x0801d738       0x44 ..\obj\stm32f4xx_spi.o
                0x0801d738                SPI_Init
 .text.I2S_Init
                0x0801d77c       0xec ..\obj\stm32f4xx_spi.o
                0x0801d77c                I2S_Init
 .text.SPI_Cmd  0x0801d868       0x1c ..\obj\stm32f4xx_spi.o
                0x0801d868                SPI_Cmd
 .text.I2S_Cmd  0x0801d884       0x1c ..\obj\stm32f4xx_spi.o
                0x0801d884                I2S_Cmd
 .text.I2S_FullDuplexConfig
                0x0801d8a0       0x48 ..\obj\stm32f4xx_spi.o
                0x0801d8a0                I2S_FullDuplexConfig
 .text.SPI_I2S_ReceiveData
                0x0801d8e8        0x8 ..\obj\stm32f4xx_spi.o
                0x0801d8e8                SPI_I2S_ReceiveData
 .text.SPI_I2S_SendData
                0x0801d8f0        0x4 ..\obj\stm32f4xx_spi.o
                0x0801d8f0                SPI_I2S_SendData
 .text.SPI_I2S_DMACmd
                0x0801d8f4       0x18 ..\obj\stm32f4xx_spi.o
                0x0801d8f4                SPI_I2S_DMACmd
 .text.SPI_I2S_GetFlagStatus
                0x0801d90c        0xc ..\obj\stm32f4xx_spi.o
                0x0801d90c                SPI_I2S_GetFlagStatus
 .text.softdds_setfreq
                0x0801d918       0x34 ..\obj\softdds.o
                0x0801d918                softdds_setfreq
 .text.softdds_runf
                0x0801d94c       0x5c ..\obj\softdds.o
                0x0801d94c                softdds_runf
 .text.I2C_DeInit
                0x0801d9a8       0x64 ..\obj\stm32f4xx_i2c.o
                0x0801d9a8                I2C_DeInit
 .text.I2C_Init
                0x0801da0c       0xe0 ..\obj\stm32f4xx_i2c.o
                0x0801da0c                I2C_Init
 .text.I2C_Cmd  0x0801daec       0x1c ..\obj\stm32f4xx_i2c.o
                0x0801daec                I2C_Cmd
 .text.I2C_GenerateSTART
                0x0801db08       0x1c ..\obj\stm32f4xx_i2c.o
                0x0801db08                I2C_GenerateSTART
 .text.I2C_GenerateSTOP
                0x0801db24       0x1c ..\obj\stm32f4xx_i2c.o
                0x0801db24                I2C_GenerateSTOP
 .text.I2C_Send7bitAddress
                0x0801db40       0x14 ..\obj\stm32f4xx_i2c.o
                0x0801db40                I2C_Send7bitAddress
 .text.I2C_AcknowledgeConfig
                0x0801db54       0x1c ..\obj\stm32f4xx_i2c.o
                0x0801db54                I2C_AcknowledgeConfig
 .text.I2C_SendData
                0x0801db70        0x4 ..\obj\stm32f4xx_i2c.o
                0x0801db70                I2C_SendData
 .text.I2C_ReceiveData
                0x0801db74        0x8 ..\obj\stm32f4xx_i2c.o
                0x0801db74                I2C_ReceiveData
 .text.I2C_CheckEvent
                0x0801db7c       0x24 ..\obj\stm32f4xx_i2c.o
                0x0801db7c                I2C_CheckEvent
 .text.I2C_GetFlagStatus
                0x0801dba0       0x38 ..\obj\stm32f4xx_i2c.o
                0x0801dba0                I2C_GetFlagStatus
 .text.I2C_ClearFlag
                0x0801dbd8        0x8 ..\obj\stm32f4xx_i2c.o
                0x0801dbd8                I2C_ClearFlag
 .text.EXTI_Init
                0x0801dbe0       0x90 ..\obj\stm32f4xx_exti.o
                0x0801dbe0                EXTI_Init
 .text.EXTI_GetITStatus
                0x0801dc70       0x1c ..\obj\stm32f4xx_exti.o
                0x0801dc70                EXTI_GetITStatus
 .text.EXTI_ClearITPendingBit
                0x0801dc8c        0xc ..\obj\stm32f4xx_exti.o
                0x0801dc8c                EXTI_ClearITPendingBit
 .text.NVIC_PriorityGroupConfig
                0x0801dc98       0x14 ..\obj\misc.o
                0x0801dc98                NVIC_PriorityGroupConfig
 .text.NVIC_Init
                0x0801dcac       0x68 ..\obj\misc.o
                0x0801dcac                NVIC_Init
 .text.SysTick_CLKSourceConfig
                0x0801dd14       0x18 ..\obj\misc.o
                0x0801dd14                SysTick_CLKSourceConfig
 .text.DCD_Init
                0x0801dd2c       0xa4 ..\obj\usb_dcd.o
                0x0801dd2c                DCD_Init
 .text.DCD_DeInit
                0x0801ddd0        0x8 ..\obj\usb_dcd.o
                0x0801ddd0                DCD_DeInit
 .text.DCD_EP_Open
                0x0801ddd8       0x74 ..\obj\usb_dcd.o
                0x0801ddd8                DCD_EP_Open
 .text.DCD_EP_Close
                0x0801de4c       0x34 ..\obj\usb_dcd.o
                0x0801de4c                DCD_EP_Close
 .text.DCD_EP_PrepareRx
                0x0801de80       0x5c ..\obj\usb_dcd.o
                0x0801de80                DCD_EP_PrepareRx
 .text.DCD_EP_Tx
                0x0801dedc       0x48 ..\obj\usb_dcd.o
                0x0801dedc                DCD_EP_Tx
 .text.DCD_EP_Stall
                0x0801df24       0x40 ..\obj\usb_dcd.o
                0x0801df24                DCD_EP_Stall
 .text.DCD_EP_ClrStall
                0x0801df64       0x40 ..\obj\usb_dcd.o
                0x0801df64                DCD_EP_ClrStall
 .text.DCD_EP_SetAddress
                0x0801dfa4       0x18 ..\obj\usb_dcd.o
                0x0801dfa4                DCD_EP_SetAddress
 .text.mchf_hw_i2c2_init
                0x0801dfbc       0x98 ..\obj\mchf_hw_i2c2.o
                0x0801dfbc                mchf_hw_i2c2_init
 .text.mchf_hw_i2c2_WriteRegister
                0x0801e054      0x15c ..\obj\mchf_hw_i2c2.o
                0x0801e054                mchf_hw_i2c2_WriteRegister
 .text.cw_gen_init
                0x0801e1b0       0x48 ..\obj\cw_gen.o
                0x0801e1b0                cw_gen_init
 .text.cw_gen_remove_click_on_rising_edge
                0x0801e1f8       0x68 ..\obj\cw_gen.o
                0x0801e1f8                cw_gen_remove_click_on_rising_edge
 .text.cw_gen_remove_click_on_falling_edge
                0x0801e260       0x74 ..\obj\cw_gen.o
                0x0801e260                cw_gen_remove_click_on_falling_edge
 .text.cw_gen_check_keyer_state
                0x0801e2d4       0x70 ..\obj\cw_gen.o
                0x0801e2d4                cw_gen_check_keyer_state
 .text.cw_gen_process_strk
                0x0801e344       0xb8 ..\obj\cw_gen.o
                0x0801e344                cw_gen_process_strk
 .text.cw_gen_process_iamb
                0x0801e3fc      0x1d0 ..\obj\cw_gen.o
                0x0801e3fc                cw_gen_process_iamb
 .text.cw_gen_process
                0x0801e5cc       0x20 ..\obj\cw_gen.o
                0x0801e5cc                cw_gen_process
 .text.cw_gen_dah_IRQ
                0x0801e5ec       0x68 ..\obj\cw_gen.o
                0x0801e5ec                cw_gen_dah_IRQ
 .text.cw_gen_dit_IRQ
                0x0801e654       0x28 ..\obj\cw_gen.o
                0x0801e654                cw_gen_dit_IRQ
 .text.mchf_board_green_led
                0x0801e67c       0x2c ..\obj\mchf_board.o
                0x0801e67c                mchf_board_green_led
 .text.mchf_board_power_off
                0x0801e6a8      0x1ac ..\obj\mchf_board.o
                0x0801e6a8                mchf_board_power_off
 .text.mchf_board_init
                0x0801e854      0x2e8 ..\obj\mchf_board.o
                0x0801e854                mchf_board_init
 .text.mchf_board_post_init
                0x0801eb3c      0x170 ..\obj\mchf_board.o
                0x0801eb3c                mchf_board_post_init
 .text.Read_VirtEEPROM
                0x0801ecac       0x14 ..\obj\mchf_board.o
                0x0801ecac                Read_VirtEEPROM
 .text.Write_VirtEEPROM
                0x0801ecc0       0x14 ..\obj\mchf_board.o
                0x0801ecc0                Write_VirtEEPROM
 .text.USBD_CtlSendData
                0x0801ecd4       0x24 ..\obj\usbd_ioreq.o
                0x0801ecd4                USBD_CtlSendData
 .text.USBD_CtlContinueSendData
                0x0801ecf8       0x14 ..\obj\usbd_ioreq.o
                0x0801ecf8                USBD_CtlContinueSendData
 .text.USBD_CtlPrepareRx
                0x0801ed0c       0x24 ..\obj\usbd_ioreq.o
                0x0801ed0c                USBD_CtlPrepareRx
 .text.USBD_CtlContinueRx
                0x0801ed30       0x14 ..\obj\usbd_ioreq.o
                0x0801ed30                USBD_CtlContinueRx
 .text.USBD_CtlSendStatus
                0x0801ed44       0x20 ..\obj\usbd_ioreq.o
                0x0801ed44                USBD_CtlSendStatus
 .text.USBD_CtlReceiveStatus
                0x0801ed64       0x20 ..\obj\usbd_ioreq.o
                0x0801ed64                USBD_CtlReceiveStatus
 .text.USBD_OTG_BSP_Init
                0x0801ed84       0x50 ..\obj\usbd_bsp.o
                0x0801ed84                USBD_OTG_BSP_Init
 .text.USBD_OTG_BSP_DeInit
                0x0801edd4       0x44 ..\obj\usbd_bsp.o
                0x0801edd4                USBD_OTG_BSP_DeInit
 .text.USBD_OTG_BSP_EnableInterrupt
                0x0801ee18       0x30 ..\obj\usbd_bsp.o
                0x0801ee18                USBD_OTG_BSP_EnableInterrupt
 .text.USBD_OTG_BSP_uDelay
                0x0801ee48       0x24 ..\obj\usbd_bsp.o
                0x0801ee48                USBD_OTG_BSP_uDelay
 .text.USBD_OTG_BSP_mDelay
                0x0801ee6c       0x10 ..\obj\usbd_bsp.o
                0x0801ee6c                USBD_OTG_BSP_mDelay
 .text.TIM_TimeBaseInit
                0x0801ee7c       0x88 ..\obj\stm32f4xx_tim.o
                0x0801ee7c                TIM_TimeBaseInit
 .text.TIM_GetCounter
                0x0801ef04        0x4 ..\obj\stm32f4xx_tim.o
                0x0801ef04                TIM_GetCounter
 .text.TIM_Cmd  0x0801ef08       0x1c ..\obj\stm32f4xx_tim.o
                0x0801ef08                TIM_Cmd
 .text.TIM_GetITStatus
                0x0801ef24       0x18 ..\obj\stm32f4xx_tim.o
                0x0801ef24                TIM_GetITStatus
 .text.TIM_ClearITPendingBit
                0x0801ef3c        0x8 ..\obj\stm32f4xx_tim.o
                0x0801ef3c                TIM_ClearITPendingBit
 .text.TIM_EncoderInterfaceConfig
                0x0801ef44       0x3c ..\obj\stm32f4xx_tim.o
                0x0801ef44                TIM_EncoderInterfaceConfig
 .text.UiDriverUpdateSecondLcdFreq
                0x0801ef80      0x364 ..\obj\ui_driver.o
 .text.UiDriverUpdateTopMeterA
                0x0801f2e4       0x70 ..\obj\ui_driver.o
 .text.UiDriverUpdateBtmMeter
                0x0801f354       0x78 ..\obj\ui_driver.o
 .text.UiDriverUpdateLoMeter
                0x0801f3cc       0x70 ..\obj\ui_driver.o
 .text.UiDriverShowBand
                0x0801f43c      0x144 ..\obj\ui_driver.o
 .text.UiDriverChangeDSPMode
                0x0801f580      0x14c ..\obj\ui_driver.o
 .text.UiDriverCreateSMeter
                0x0801f6cc      0x5bc ..\obj\ui_driver.o
 .text.UiDriverChangeAfGain
                0x0801fc88       0x88 ..\obj\ui_driver.o
 .text.UiDriverChangeSigProc
                0x0801fd10      0x16c ..\obj\ui_driver.o
 .text.UiDriverChangeRit
                0x0801fe7c       0xb0 ..\obj\ui_driver.o
 .text.UiDriverButtonCheck
                0x0801ff2c       0x2c ..\obj\ui_driver.o
 .text.ui_driver_thread
                0x0801ff58        0x4 ..\obj\ui_driver.o
                0x0801ff58                ui_driver_thread
 .text.UiDriverShowMode
                0x0801ff5c       0xd0 ..\obj\ui_driver.o
                0x0801ff5c                UiDriverShowMode
 .text.UiDriverShowStep
                0x0802002c      0x168 ..\obj\ui_driver.o
                0x0802002c                UiDriverShowStep
 .text.UiDriverChangeTuningStep
                0x08020194       0x3c ..\obj\ui_driver.o
 .text.UiDriverPressHoldStep
                0x080201d0       0x88 ..\obj\ui_driver.o
 .text.UiDriverChangeBandFilter
                0x08020258      0x16c ..\obj\ui_driver.o
                0x08020258                UiDriverChangeBandFilter
 .text.UiDrawSpectrumScopeFrequencyBarText
                0x080203c4      0x3e4 ..\obj\ui_driver.o
                0x080203c4                UiDrawSpectrumScopeFrequencyBarText
 .text.UiDriverCreateSpectrumScope
                0x080207a8      0x234 ..\obj\ui_driver.o
 *fill*         0x080209dc        0x4 
 .text.UiDriverReDrawSpectrumDisplay
                0x080209e0      0x730 ..\obj\ui_driver.o
 .text.UiDriverClearSpectrumDisplay
                0x08021110       0x2c ..\obj\ui_driver.o
                0x08021110                UiDriverClearSpectrumDisplay
 .text.UiDriverCheckBand
                0x0802113c       0x4c ..\obj\ui_driver.o
                0x0802113c                UiDriverCheckBand
 .text.UiDriverUpdateFrequency
                0x08021188      0x690 ..\obj\ui_driver.o
                0x08021188                UiDriverUpdateFrequency
 .text.UiDriverUpdateFrequencyFast
                0x08021818      0x110 ..\obj\ui_driver.o
                0x08021818                UiDriverUpdateFrequencyFast
 .text.ui_driver_toggle_tx
                0x08021928      0x144 ..\obj\ui_driver.o
                0x08021928                ui_driver_toggle_tx
 .text.UiDriverChangeStGain
                0x08021a6c       0x88 ..\obj\ui_driver.o
                0x08021a6c                UiDriverChangeStGain
 .text.UiDriverChangeCmpLevel
                0x08021af4       0xa8 ..\obj\ui_driver.o
                0x08021af4                UiDriverChangeCmpLevel
 .text.UiDriverChangeEncoderOneMode
                0x08021b9c       0xb8 ..\obj\ui_driver.o
 .text.UiDriverChangeKeyerSpeed
                0x08021c54       0xb8 ..\obj\ui_driver.o
                0x08021c54                UiDriverChangeKeyerSpeed
 .text.UiDriverLoadEepromValues
                0x08021d0c      0xf58 ..\obj\ui_driver.o
 .text.UIDriverChangeAudioGain
                0x08022c64       0xb8 ..\obj\ui_driver.o
                0x08022c64                UIDriverChangeAudioGain
 .text.UiDriverChangeEncoderThreeMode
                0x08022d1c       0xb8 ..\obj\ui_driver.o
 .text.UiDriverChangeRfGain
                0x08022dd4       0xb8 ..\obj\ui_driver.o
                0x08022dd4                UiDriverChangeRfGain
 .text.UiDriverChangeEncoderTwoMode
                0x08022e8c       0x7c ..\obj\ui_driver.o
 .text.UiDriverChangeFilter
                0x08022f08       0xf8 ..\obj\ui_driver.o
                0x08022f08                UiDriverChangeFilter
 .text.UiDriverCreateTemperatureDisplay
                0x08023000      0x104 ..\obj\ui_driver.o
                0x08023000                UiDriverCreateTemperatureDisplay
 .text.UiDriverSetBandPowerFactor
                0x08023104      0x1e0 ..\obj\ui_driver.o
                0x08023104                UiDriverSetBandPowerFactor
 .text.UiDriverChangePowerLevel
                0x080232e4       0xc8 ..\obj\ui_driver.o
 .text.UiDriverChangeBand
                0x080233ac      0x148 ..\obj\ui_driver.o
 .text.UiCWSidebandMode
                0x080234f4       0x5c ..\obj\ui_driver.o
                0x080234f4                UiCWSidebandMode
 .text.UiCalcNB_AGC
                0x08023550       0x90 ..\obj\ui_driver.o
                0x08023550                UiCalcNB_AGC
 .text.UiCalcRxIqGainAdj
                0x080235e0       0x80 ..\obj\ui_driver.o
                0x080235e0                UiCalcRxIqGainAdj
 .text.UiCalcTxIqGainAdj
                0x08023660       0x64 ..\obj\ui_driver.o
                0x08023660                UiCalcTxIqGainAdj
 .text.UiCalcRxPhaseAdj
                0x080236c4      0x29c ..\obj\ui_driver.o
                0x080236c4                UiCalcRxPhaseAdj
 .text.UiCalcTxCompLevel
                0x08023960      0x18c ..\obj\ui_driver.o
                0x08023960                UiCalcTxCompLevel
 .text.UiCalcTxPhaseAdj
                0x08023aec      0x154 ..\obj\ui_driver.o
                0x08023aec                UiCalcTxPhaseAdj
 .text.ui_driver_init
                0x08023c40      0x4d4 ..\obj\ui_driver.o
                0x08023c40                ui_driver_init
 .text.UiDriverChangeDemodMode
                0x08024114      0x120 ..\obj\ui_driver.o
 .text.UiDriverLoadFilterValue
                0x08024234       0x40 ..\obj\ui_driver.o
                0x08024234                UiDriverLoadFilterValue
 .text.UiDriverSaveEepromValuesPowerDown
                0x08024274      0xd80 ..\obj\ui_driver.o
                0x08024274                UiDriverSaveEepromValuesPowerDown
 *fill*         0x08024ff4        0x4 
 .text.ui_driver_irq
                0x08024ff8     0x2618 ..\obj\ui_driver.o
                0x08024ff8                ui_driver_irq
 .text.EE_VerifyPageFullWriteVariable
                0x08027610       0x8c ..\obj\eeprom.o
 .text.EE_Format
                0x0802769c       0x28 ..\obj\eeprom.o
 .text.EE_ReadVariable
                0x080276c4       0x64 ..\obj\eeprom.o
                0x080276c4                EE_ReadVariable
 .text.EE_InitA
                0x08027728      0x194 ..\obj\eeprom.o
                0x08027728                EE_InitA
 .text.EE_Init  0x080278bc       0x14 ..\obj\eeprom.o
                0x080278bc                EE_Init
 .text.EE_WriteVariable
                0x080278d0       0xcc ..\obj\eeprom.o
                0x080278d0                EE_WriteVariable
 .text.arm_fill_q15
                0x0802799c       0xe4 ..\..\..\libs\libarm_cortexM4lf_math.a(arm_fill_q15.o)
                0x0802799c                arm_fill_q15
 .text.arm_copy_f32
                0x08027a80      0x158 ..\..\..\libs\libarm_cortexM4lf_math.a(arm_copy_f32.o)
                0x08027a80                arm_copy_f32
 .text.arm_min_f32
                0x08027bd8      0x15c ..\..\..\libs\libarm_cortexM4lf_math.a(arm_min_f32.o)
                0x08027bd8                arm_min_f32
 .text.arm_mean_f32
                0x08027d34      0x1c8 ..\..\..\libs\libarm_cortexM4lf_math.a(arm_mean_f32.o)
                0x08027d34                arm_mean_f32
 .text.arm_max_q15
                0x08027efc       0xe4 ..\..\..\libs\libarm_cortexM4lf_math.a(arm_max_q15.o)
                0x08027efc                arm_max_q15
 .text.arm_max_f32
                0x08027fe0      0x15c ..\..\..\libs\libarm_cortexM4lf_math.a(arm_max_f32.o)
                0x08027fe0                arm_max_f32
 .text.arm_split_rfft_q15
                0x0802813c      0x1b4 ..\..\..\libs\libarm_cortexM4lf_math.a(arm_rfft_q15.o)
                0x0802813c                arm_split_rfft_q15
 .text.arm_rfft_q15
                0x080282f0      0x2cc ..\..\..\libs\libarm_cortexM4lf_math.a(arm_rfft_q15.o)
                0x080282f0                arm_rfft_q15
 .text.arm_rfft_init_q15
                0x080285bc       0x78 ..\..\..\libs\libarm_cortexM4lf_math.a(arm_rfft_init_q15.o)
                0x080285bc                arm_rfft_init_q15
 .text.arm_radix4_butterfly_q15
                0x08028634      0x2fc ..\..\..\libs\libarm_cortexM4lf_math.a(arm_cfft_radix4_q15.o)
                0x08028634                arm_radix4_butterfly_q15
 .text.arm_radix4_butterfly_inverse_q15
                0x08028930      0x2fc ..\..\..\libs\libarm_cortexM4lf_math.a(arm_cfft_radix4_q15.o)
                0x08028930                arm_radix4_butterfly_inverse_q15
 .text.arm_bitreversal_q15
                0x08028c2c      0x118 ..\..\..\libs\libarm_cortexM4lf_math.a(arm_cfft_radix4_q15.o)
                0x08028c2c                arm_bitreversal_q15
 .text.arm_cfft_radix4_init_q15
                0x08028d44       0x7c ..\..\..\libs\libarm_cortexM4lf_math.a(arm_cfft_radix4_init_q15.o)
                0x08028d44                arm_cfft_radix4_init_q15
 .text.arm_lms_norm_init_f32
                0x08028dc0       0x38 ..\..\..\libs\libarm_cortexM4lf_math.a(arm_lms_norm_init_f32.o)
                0x08028dc0                arm_lms_norm_init_f32
 .text.arm_lms_norm_f32
                0x08028df8      0x620 ..\..\..\libs\libarm_cortexM4lf_math.a(arm_lms_norm_f32.o)
                0x08028df8                arm_lms_norm_f32
 .text.arm_iir_lattice_f32
                0x08029418      0x3e0 ..\..\..\libs\libarm_cortexM4lf_math.a(arm_iir_lattice_f32.o)
                0x08029418                arm_iir_lattice_f32
 .text.arm_fir_interpolate_f32
                0x080297f8      0x44c ..\..\..\libs\libarm_cortexM4lf_math.a(arm_fir_interpolate_f32.o)
                0x080297f8                arm_fir_interpolate_f32
 .text.arm_fir_init_f32
                0x08029c44       0x24 ..\..\..\libs\libarm_cortexM4lf_math.a(arm_fir_init_f32.o)
                0x08029c44                arm_fir_init_f32
 .text.arm_fir_f32
                0x08029c68      0x498 ..\..\..\libs\libarm_cortexM4lf_math.a(arm_fir_f32.o)
                0x08029c68                arm_fir_f32
 .text.arm_fir_decimate_f32
                0x0802a100      0x3e0 ..\..\..\libs\libarm_cortexM4lf_math.a(arm_fir_decimate_f32.o)
                0x0802a100                arm_fir_decimate_f32
 .text.arm_cmplx_mag_q15
                0x0802a4e0      0x178 ..\..\..\libs\libarm_cortexM4lf_math.a(arm_cmplx_mag_q15.o)
                0x0802a4e0                arm_cmplx_mag_q15
 .text.arm_sqrt_q15
                0x0802a658      0x3e4 ..\..\..\libs\libarm_cortexM4lf_math.a(arm_sqrt_q15.o)
                0x0802a658                arm_sqrt_q15
 .text.arm_sin_f32
                0x0802aa3c       0xd0 ..\..\..\libs\libarm_cortexM4lf_math.a(arm_sin_f32.o)
                0x0802aa3c                arm_sin_f32
 .text.arm_cos_f32
                0x0802ab0c       0xd0 ..\..\..\libs\libarm_cortexM4lf_math.a(arm_cos_f32.o)
                0x0802ab0c                arm_cos_f32
 .text.arm_sub_f32
                0x0802abdc      0x214 ..\..\..\libs\libarm_cortexM4lf_math.a(arm_sub_f32.o)
                0x0802abdc                arm_sub_f32
 .text.arm_shift_q15
                0x0802adf0      0x434 ..\..\..\libs\libarm_cortexM4lf_math.a(arm_shift_q15.o)
                0x0802adf0                arm_shift_q15
 .text.arm_scale_f32
                0x0802b224      0x274 ..\..\..\libs\libarm_cortexM4lf_math.a(arm_scale_f32.o)
                0x0802b224                arm_scale_f32
 .text.arm_mult_f32
                0x0802b498      0x214 ..\..\..\libs\libarm_cortexM4lf_math.a(arm_mult_f32.o)
                0x0802b498                arm_mult_f32
 .text.arm_add_f32
                0x0802b6ac      0x214 ..\..\..\libs\libarm_cortexM4lf_math.a(arm_add_f32.o)
                0x0802b6ac                arm_add_f32
 .text.pow10    0x0802b8c0       0x18 ..\..\..\libs\libm.a(lib_a-s_pow10.o)
                0x0802b8c0                pow10
 .text.ceilf    0x0802b8d8       0x94 ..\..\..\libs\libm.a(lib_a-sf_ceil.o)
                0x0802b8d8                ceilf
 .text.floorf   0x0802b96c       0x9c ..\..\..\libs\libm.a(lib_a-sf_floor.o)
                0x0802b96c                floorf
 .text.truncf   0x0802ba08       0x34 ..\..\..\libs\libm.a(lib_a-sf_trunc.o)
                0x0802ba08                truncf
 .text.pow      0x0802ba3c      0x370 ..\..\..\libs\libm.a(lib_a-w_pow.o)
                0x0802ba3c                pow
 .text.sqrt     0x0802bdac       0xbc ..\..\..\libs\libm.a(lib_a-w_sqrt.o)
                0x0802bdac                sqrt
 .text.log10f   0x0802be68       0xf8 ..\..\..\libs\libm.a(lib_a-wf_log10.o)
                0x0802be68                log10f
 .text.powf     0x0802bf60      0x39c ..\..\..\libs\libm.a(lib_a-wf_pow.o)
                0x0802bf60                powf
 .text.sqrtf    0x0802c2fc       0xb4 ..\..\..\libs\libm.a(lib_a-wf_sqrt.o)
                0x0802c2fc                sqrtf
 .text.__ieee754_pow
                0x0802c3b0      0xb90 ..\..\..\libs\libm.a(lib_a-e_pow.o)
                0x0802c3b0                __ieee754_pow
 .text.__ieee754_sqrt
                0x0802cf40      0x1c4 ..\..\..\libs\libm.a(lib_a-e_sqrt.o)
                0x0802cf40                __ieee754_sqrt
 .text.__ieee754_log10f
                0x0802d104       0xbc ..\..\..\libs\libm.a(lib_a-ef_log10.o)
                0x0802d104                __ieee754_log10f
 .text.__ieee754_powf
                0x0802d1c0      0x600 ..\..\..\libs\libm.a(lib_a-ef_pow.o)
                0x0802d1c0                __ieee754_powf
 .text.__ieee754_sqrtf
                0x0802d7c0       0x9c ..\..\..\libs\libm.a(lib_a-ef_sqrt.o)
                0x0802d7c0                __ieee754_sqrtf
 .text.fabs     0x0802d85c       0x14 ..\..\..\libs\libm.a(lib_a-s_fabs.o)
                0x0802d85c                fabs
 .text.finite   0x0802d870       0x14 ..\..\..\libs\libm.a(lib_a-s_finite.o)
                0x0802d870                finite
 .text.__fpclassifyd
                0x0802d884       0x70 ..\..\..\libs\libm.a(lib_a-s_fpclassify.o)
                0x0802d884                __fpclassifyd
 .text.matherr  0x0802d8f4        0x4 ..\..\..\libs\libm.a(lib_a-s_matherr.o)
                0x0802d8f4                matherr
 .text.nan      0x0802d8f8       0x10 ..\..\..\libs\libm.a(lib_a-s_nan.o)
                0x0802d8f8                nan
 .text.rint     0x0802d908      0x124 ..\..\..\libs\libm.a(lib_a-s_rint.o)
                0x0802d908                rint
 *fill*         0x0802da2c        0x4 
 .text.scalbn   0x0802da30      0x120 ..\..\..\libs\libm.a(lib_a-s_scalbn.o)
                0x0802da30                scalbn
 .text.fabsf    0x0802db50       0x10 ..\..\..\libs\libm.a(lib_a-sf_fabs.o)
                0x0802db50                fabsf
 .text.finitef  0x0802db60       0x14 ..\..\..\libs\libm.a(lib_a-sf_finite.o)
                0x0802db60                finitef
 .text.__fpclassifyf
                0x0802db74       0x5c ..\..\..\libs\libm.a(lib_a-sf_fpclassify.o)
                0x0802db74                __fpclassifyf
 .text.nanf     0x0802dbd0        0xc ..\..\..\libs\libm.a(lib_a-sf_nan.o)
                0x0802dbd0                nanf
 .text.scalbnf  0x0802dbdc       0xcc ..\..\..\libs\libm.a(lib_a-sf_scalbn.o)
                0x0802dbdc                scalbnf
 .text.__ieee754_logf
                0x0802dca8      0x204 ..\..\..\libs\libm.a(lib_a-ef_log.o)
                0x0802dca8                __ieee754_logf
 .text.copysign
                0x0802deac       0x24 ..\..\..\libs\libm.a(lib_a-s_copysign.o)
                0x0802deac                copysign
 .text.copysignf
                0x0802ded0       0x18 ..\..\..\libs\libm.a(lib_a-sf_copysign.o)
                0x0802ded0                copysignf
 .text          0x0802dee8      0x370 c:/program files/gnu tools arm embedded/4.9 2014q4/bin/../lib/gcc/arm-none-eabi/4.9.3/armv7e-m/fpu\libgcc.a(_arm_addsubdf3.o)
                0x0802dee8                __aeabi_drsub
                0x0802def0                __aeabi_dsub
                0x0802def0                __subdf3
                0x0802def4                __aeabi_dadd
                0x0802def4                __adddf3
                0x0802e16c                __floatunsidf
                0x0802e16c                __aeabi_ui2d
                0x0802e18c                __floatsidf
                0x0802e18c                __aeabi_i2d
                0x0802e1b0                __aeabi_f2d
                0x0802e1b0                __extendsfdf2
                0x0802e1ec                __floatundidf
                0x0802e1ec                __aeabi_ul2d
                0x0802e1fc                __floatdidf
                0x0802e1fc                __aeabi_l2d
 .text          0x0802e258      0x424 c:/program files/gnu tools arm embedded/4.9 2014q4/bin/../lib/gcc/arm-none-eabi/4.9.3/armv7e-m/fpu\libgcc.a(_arm_muldivdf3.o)
                0x0802e258                __aeabi_dmul
                0x0802e258                __muldf3
                0x0802e4ac                __divdf3
                0x0802e4ac                __aeabi_ddiv
 .text          0x0802e67c      0x110 c:/program files/gnu tools arm embedded/4.9 2014q4/bin/../lib/gcc/arm-none-eabi/4.9.3/armv7e-m/fpu\libgcc.a(_arm_cmpdf2.o)
                0x0802e67c                __gtdf2
                0x0802e67c                __gedf2
                0x0802e684                __ltdf2
                0x0802e684                __ledf2
                0x0802e68c                __nedf2
                0x0802e68c                __eqdf2
                0x0802e68c                __cmpdf2
                0x0802e708                __aeabi_cdrcmple
                0x0802e718                __aeabi_cdcmpeq
                0x0802e718                __aeabi_cdcmple
                0x0802e728                __aeabi_dcmpeq
                0x0802e73c                __aeabi_dcmplt
                0x0802e750                __aeabi_dcmple
                0x0802e764                __aeabi_dcmpge
                0x0802e778                __aeabi_dcmpgt
 .text          0x0802e78c       0xa0 c:/program files/gnu tools arm embedded/4.9 2014q4/bin/../lib/gcc/arm-none-eabi/4.9.3/armv7e-m/fpu\libgcc.a(_arm_truncdfsf2.o)
                0x0802e78c                __truncdfsf2
                0x0802e78c                __aeabi_d2f
 .text.__errno  0x0802e82c        0xc ..\..\..\libs\libc.a(lib_a-errno.o)
                0x0802e82c                __errno
 .text.memcmp   0x0802e838       0x60 ..\..\..\libs\libc.a(lib_a-memcmp.o)
                0x0802e838                memcmp
 .text.memset   0x0802e898       0x90 ..\..\..\libs\libc.a(lib_a-memset.o)
                0x0802e898                memset
 .text.strlen   0x0802e928       0x60 ..\..\..\libs\libc.a(lib_a-strlen.o)
                0x0802e928                strlen
 .text.startup.register_fini
                0x0802e988       0x14 ..\..\..\libs\libc.a(lib_a-__call_atexit.o)
 .text.atexit   0x0802e99c        0xc ..\..\..\libs\libc.a(lib_a-atexit.o)
                0x0802e99c                atexit
 .text.__libc_fini_array
                0x0802e9a8       0x2c ..\..\..\libs\libc.a(lib_a-fini.o)
                0x0802e9a8                __libc_fini_array
 .text.__register_exitproc
                0x0802e9d4       0xac ..\..\..\libs\libc.a(lib_a-__atexit.o)
                0x0802e9d4                __register_exitproc
 *(.init)
 .init          0x0802ea80        0x4 c:/program files/gnu tools arm embedded/4.9 2014q4/bin/../lib/gcc/arm-none-eabi/4.9.3/armv7e-m/fpu/crti.o
                0x0802ea80                _init
 .init          0x0802ea84        0x8 c:/program files/gnu tools arm embedded/4.9 2014q4/bin/../lib/gcc/arm-none-eabi/4.9.3/armv7e-m/fpu/crtn.o
 *(.fini)
 .fini          0x0802ea8c        0x4 c:/program files/gnu tools arm embedded/4.9 2014q4/bin/../lib/gcc/arm-none-eabi/4.9.3/armv7e-m/fpu/crti.o
                0x0802ea8c                _fini
 .fini          0x0802ea90        0x8 c:/program files/gnu tools arm embedded/4.9 2014q4/bin/../lib/gcc/arm-none-eabi/4.9.3/armv7e-m/fpu/crtn.o
 *crtbegin.o(.ctors)
 *crtbegin?.o(.ctors)
 *(EXCLUDE_FILE(*crtend.o *crtend?.o) .ctors)
 *(SORT(.ctors.*))
 *(.ctors)
 *crtbegin.o(.dtors)
 *crtbegin?.o(.dtors)
 *(EXCLUDE_FILE(*crtend.o *crtend?.o) .dtors)
 *(SORT(.dtors.*))
 *(.dtors)
 *(.rodata*)
 .rodata        0x0802ea98      0x200 ..\obj\main.o
                0x0802ea98                VirtAddVarTab
 .rodata.str1.4
                0x0802ec98       0xba ..\obj\main.o
                                 0xbc (size before relaxing)
 *fill*         0x0802ed52        0x2 
 .rodata        0x0802ed54       0x10 ..\obj\stm32f4xx_rcc.o
                0x0802ed54                APBAHBPrescTable
 .rodata.str1.4
                0x0802ed64      0x16c ..\obj\ui_lcd_hy28.o
 .rodata.str1.4
                0x0802eed0       0x24 ..\obj\printf.o
 .rodata.str1.4
                0x0802eef4       0x96 ..\obj\usbd_desc.o
                                 0x98 (size before relaxing)
 *fill*         0x0802ef8a        0x2 
 .rodata        0x0802ef8c     0x3ef8 ..\obj\ui_lcd_hy28_fonts.o
                0x0802ef8c                GL_Font8x8
                0x0802ef94                GL_Font8x12_bold
                0x0802ef9c                GL_Font8x12
                0x0802efa4                GL_Font12x12
                0x0802efac                GL_Font16x24
                0x0802efb4                GL_ASCII8x8_Table
                0x0802f5b4                GL_ASCII8x12_bold_Table
                0x08030ab4                GL_ASCII8x12_Table
                0x080313b4                GL_ASCII12x12_Table
                0x08031cb4                GL_ASCII16x24_Table
 .rodata.str1.4
                0x08032e84        0xb ..\obj\usbd_cdc_vcp.o
                                  0xc (size before relaxing)
 *fill*         0x08032e8f        0x1 
 .rodata        0x08032e90      0xc7c ..\obj\audio_driver.o
                0x08032e90                IIR_300hz_500_pkCoeffs
                0x08032eb8                IIR_300hz_500_pvCoeffs
                0x08032ee4                IIR_300hz_550_pkCoeffs
                0x08032f0c                IIR_300hz_550_pvCoeffs
                0x08032f38                IIR_300hz_600_pkCoeffs
                0x08032f60                IIR_300hz_600_pvCoeffs
                0x08032f8c                IIR_300hz_650_pkCoeffs
                0x08032fb4                IIR_300hz_650_pvCoeffs
                0x08032fe0                IIR_300hz_700_pkCoeffs
                0x08033008                IIR_300hz_700_pvCoeffs
                0x08033034                IIR_300hz_800_pkCoeffs
                0x0803305c                IIR_300hz_800_pvCoeffs
                0x08033088                IIR_300hz_850_pkCoeffs
                0x080330b0                IIR_300hz_850_pvCoeffs
                0x080330dc                IIR_300hz_900_pkCoeffs
                0x08033104                IIR_300hz_900_pvCoeffs
                0x08033130                IIR_300hz_950_pkCoeffs
                0x08033158                IIR_300hz_950_pvCoeffs
                0x08033184                IIR_300hz_750_pkCoeffs
                0x080331ac                IIR_300hz_750_pvCoeffs
                0x080331d8                IIR_500hz_550_pkCoeffs
                0x08033200                IIR_500hz_550_pvCoeffs
                0x0803322c                IIR_500hz_650_pkCoeffs
                0x08033254                IIR_500hz_650_pvCoeffs
                0x08033280                IIR_500hz_850_pkCoeffs
                0x080332a8                IIR_500hz_850_pvCoeffs
                0x080332d4                IIR_500hz_950_pkCoeffs
                0x080332fc                IIR_500hz_950_pvCoeffs
                0x08033328                IIR_500hz_750_pkCoeffs
                0x08033350                IIR_500hz_750_pvCoeffs
                0x0803337c                IIR_1k8_1k125_pkCoeffs
                0x080333a4                IIR_1k8_1k125_pvCoeffs
                0x080333d0                IIR_1k8_1k275_pkCoeffs
                0x080333f8                IIR_1k8_1k275_pvCoeffs
                0x08033424                IIR_1k8_1k575_pkCoeffs
                0x0803344c                IIR_1k8_1k575_pvCoeffs
                0x08033478                IIR_1k8_1k725_pkCoeffs
                0x080334a0                IIR_1k8_1k725_pvCoeffs
                0x080334cc                IIR_1k8_1k425_pkCoeffs
                0x080334f4                IIR_1k8_1k425_pvCoeffs
                0x08033520                IIR_2k3_1k275_pkCoeffs
                0x08033548                IIR_2k3_1k275_pvCoeffs
                0x08033574                IIR_2k3_1k562_pkCoeffs
                0x0803359c                IIR_2k3_1k562_pvCoeffs
                0x080335c8                IIR_2k3_1k712_pkCoeffs
                0x080335f0                IIR_2k3_1k712_pvCoeffs
                0x0803361c                IIR_2k3_1k412_pkCoeffs
                0x08033644                IIR_2k3_1k412_pvCoeffs
                0x08033670                IIR_3k6_pkCoeffs
                0x08033698                IIR_3k6_pvCoeffs
                0x080336c4                IIR_10k_pkCoeffs
                0x080336e4                IIR_10k_pvCoeffs
                0x08033708                FirRxDecimate
                0x08033718                FirRxInterpolate
                0x08033758                FirRxDecimateMinLPF
                0x08033768                FirRxInterpolate10KHZ
                0x080337a8                IIR_TX_2k7_pkCoeffs
                0x080337d0                IIR_TX_2k7_pvCoeffs
                0x080337fc                IIR_TX_2k7_numStages
                0x080337fe                IIR_10k_numStages
                0x08033800                IIR_3k6_numStages
                0x08033802                IIR_2k3_numStages
                0x08033804                IIR_1k8_numStages
                0x08033806                IIR_500hz_numStages
                0x08033808                IIR_300hz_numStages
                0x0803380c                Fir1p8k
                0x080338cc                Fir2p3k
                0x0803398c                Fir3p6k
                0x08033a4c                Fir10k
 .rodata.str1.4
                0x08033b0c      0xa66 ..\obj\ui_menu.o
                                0xa6c (size before relaxing)
 *fill*         0x08034572        0x2 
 .rodata        0x08034574       0x14 ..\obj\ui_si570.o
                0x08034574                hs_div
                0x0803457c                fdco_min
                0x08034580                fdco_max
                0x08034584                fout0
 .rodata.str1.4
                0x08034588       0x2d ..\obj\cat_driver.o
                                 0x30 (size before relaxing)
 *fill*         0x080345b5        0x3 
 .rodata        0x080345b8      0x800 ..\obj\softdds.o
                0x080345b8                DDS_TABLE
 .rodata        0x08034db8       0x80 ..\obj\cw_gen.o
                0x08034db8                sm_table
 .rodata.str1.4
                0x08034e38       0xa8 ..\obj\mchf_board.o
 .rodata        0x08034ee0     0x1640 ..\obj\ui_driver.o
                0x08034ee0                bm
                0x08034f60                tune_steps
                0x08034f78                tune_bands
                0x08034f9c                size_bands
                0x08034fc0                iq_rx_am_10k_coeffs
                0x08035124                iq_rx_am_3k6_coeffs
                0x08035288                iq_rx_am_2k3_coeffs
                0x080353ec                q_rx_10k_coeffs
                0x08035550                i_rx_10k_coeffs
                0x080356b4                q_rx_3k6_coeffs
                0x08035818                i_rx_3k6_coeffs
                0x0803597c                q_rx_10k_coeffs_minus
                0x08035ae0                q_rx_3k6_coeffs_minus
                0x08035c44                q_rx_10k_coeffs_plus
                0x08035da8                q_rx_3k6_coeffs_plus
                0x08035f0c                q_tx_coeffs
                0x08036070                i_tx_coeffs
                0x080361d4                q_tx_coeffs_minus
                0x08036338                q_tx_coeffs_plus
                0x0803649c                S_Meter_Cal
 .rodata.str1.4
                0x08036520      0x2a1 ..\obj\ui_driver.o
                                0x300 (size before relaxing)
 *fill*         0x080367c1        0x3 
 .rodata        0x080367c4     0x2000 ..\..\..\libs\libarm_cortexM4lf_math.a(arm_rfft_init_q15.o)
 .rodata        0x080387c4     0x1000 ..\..\..\libs\libarm_cortexM4lf_math.a(arm_cfft_radix4_init_q15.o)
 .rodata        0x080397c4      0x40c ..\..\..\libs\libarm_cortexM4lf_math.a(arm_sin_f32.o)
 .rodata        0x08039bd0      0x40c ..\..\..\libs\libarm_cortexM4lf_math.a(arm_cos_f32.o)
 .rodata        0x08039fdc      0x380 ..\..\..\libs\libarm_cortexM4lf_math.a(arm_common_tables.o)
                0x08039fdc                armRecipTableQ31
                0x0803a0dc                armRecipTableQ15
                0x0803a15c                armBitRevTable
 .rodata.str1.4
                0x0803a35c        0x4 ..\..\..\libs\libm.a(lib_a-w_pow.o)
 .rodata.str1.4
                0x0803a360        0x5 ..\..\..\libs\libm.a(lib_a-w_sqrt.o)
                                  0x8 (size before relaxing)
 *fill*         0x0803a365        0x3 
 .rodata.str1.4
                0x0803a368        0x7 ..\..\..\libs\libm.a(lib_a-wf_log10.o)
                                  0xc (size before relaxing)
 *fill*         0x0803a36f        0x1 
 .rodata.str1.4
                0x0803a370        0x5 ..\..\..\libs\libm.a(lib_a-wf_pow.o)
                                  0x8 (size before relaxing)
 *fill*         0x0803a375        0x3 
 .rodata.str1.4
                0x0803a378        0x6 ..\..\..\libs\libm.a(lib_a-wf_sqrt.o)
                                  0x8 (size before relaxing)
 *fill*         0x0803a37e        0x2 
 .rodata.dp_h   0x0803a380       0x10 ..\..\..\libs\libm.a(lib_a-e_pow.o)
 .rodata.dp_l   0x0803a390       0x10 ..\..\..\libs\libm.a(lib_a-e_pow.o)
 .rodata.bp     0x0803a3a0       0x10 ..\..\..\libs\libm.a(lib_a-e_pow.o)
 .rodata.str1.4
                0x00000000        0x4 ..\..\..\libs\libm.a(lib_a-e_pow.o)
 .rodata.dp_h   0x0803a3b0        0x8 ..\..\..\libs\libm.a(lib_a-ef_pow.o)
 .rodata.dp_l   0x0803a3b8        0x8 ..\..\..\libs\libm.a(lib_a-ef_pow.o)
 .rodata.bp     0x0803a3c0        0x8 ..\..\..\libs\libm.a(lib_a-ef_pow.o)
 .rodata.str1.4
                0x00000000        0x4 ..\..\..\libs\libm.a(lib_a-ef_pow.o)
 .rodata.TWO52  0x0803a3c8       0x10 ..\..\..\libs\libm.a(lib_a-s_rint.o)
 .rodata.str1.4
                0x0803a3d8        0x4 ..\..\..\libs\libc.a(lib_a-impure.o)
 .rodata._global_impure_ptr
                0x0803a3dc        0x4 ..\..\..\libs\libc.a(lib_a-impure.o)
                0x0803a3dc                _global_impure_ptr
 *(.eh_fram e*)

.eh_frame       0x0803a3e0        0x0
 .eh_frame      0x0803a3e0        0x0 c:/program files/gnu tools arm embedded/4.9 2014q4/bin/../lib/gcc/arm-none-eabi/4.9.3/armv7e-m/fpu/crtbegin.o

.glue_7         0x0803a3e0        0x0
 .glue_7        0x00000000        0x0 linker stubs

.glue_7t        0x0803a3e0        0x0
 .glue_7t       0x00000000        0x0 linker stubs

.vfp11_veneer   0x0803a3e0        0x0
 .vfp11_veneer  0x00000000        0x0 linker stubs

.v4_bx          0x0803a3e0        0x0
 .v4_bx         0x00000000        0x0 linker stubs

.iplt           0x0803a3e0        0x0
 .iplt          0x00000000        0x0 c:/program files/gnu tools arm embedded/4.9 2014q4/bin/../lib/gcc/arm-none-eabi/4.9.3/armv7e-m/fpu/crtbegin.o

.rel.dyn        0x0803a3e0        0x0
 .rel.iplt      0x00000000        0x0 c:/program files/gnu tools arm embedded/4.9 2014q4/bin/../lib/gcc/arm-none-eabi/4.9.3/armv7e-m/fpu/crtbegin.o

.ARM.extab
 *(.ARM.extab* .gnu.linkonce.armextab.*)
                0x0803a3e0                __exidx_start = .

.ARM.exidx
 *(.ARM.exidx* .gnu.linkonce.armexidx.*)
                0x0803a3e0                __exidx_end = .
                0x0803a3e0                __etext = .
                0x0803a3e0                _sidata = __etext

.data           0x20000000      0x64c load address 0x0803a3e0
                0x20000000                __data_start__ = .
                0x20000000                _sdata = __data_start__
 *(vtable)
 *(.data*)
 .data          0x20000000       0x1c ..\obj\usbd_usr.o
                0x20000000                USR_cb
 .data          0x2000001c        0x4 ..\obj\mchf_hw_i2c.o
                0x2000001c                I2C1_Timeout
 .data          0x20000020       0x30 ..\obj\usbd_core.o
                0x20000020                USBD_DCD_INT_fops
                0x20000024                USBD_DCD_INT_cb
 .data          0x20000050       0x40 ..\obj\usbd_desc.o
                0x20000050                USBD_DeviceDesc
                0x20000064                USBD_LangIDDesc
                0x20000068                USBD_DeviceQualifierDesc
                0x20000074                USR_desc
 .data          0x20000090       0x1c ..\obj\usbd_cdc_vcp.o
                0x20000090                linecoding
                0x20000098                VCP_fops
 .data          0x200000ac        0x1 ..\obj\audio_driver.o
 *fill*         0x200000ad        0x3 
 .data          0x200000b0        0xc ..\obj\ui_menu.o
 .data          0x200000bc       0x74 ..\obj\usbd_cdc_core.o
                0x200000c0                usbd_cdc_CfgDesc
                0x20000104                USBD_CDC_cb
 .data          0x20000130        0x4 ..\obj\mchf_hw_i2c2.o
                0x20000130                I2C2_Timeout
 .data          0x20000134       0xd8 ..\obj\ui_driver.o
                0x2000013c                tcxo_table_20m
 .data.__fdlib_version
                0x2000020c        0x1 ..\..\..\libs\libm.a(lib_a-s_lib_ver.o)
                0x2000020c                __fdlib_version
 *fill*         0x2000020d        0x3 
 .data.impure_data
                0x20000210      0x428 ..\..\..\libs\libc.a(lib_a-impure.o)
 .data._impure_ptr
                0x20000638        0x4 ..\..\..\libs\libc.a(lib_a-impure.o)
                0x20000638                _impure_ptr
                0x2000063c                . = ALIGN (0x4)
                0x2000063c                PROVIDE (__preinit_array_start, .)
 *(.preinit_array)
                0x2000063c                PROVIDE (__preinit_array_end, .)
                0x2000063c                . = ALIGN (0x4)
                0x2000063c                PROVIDE (__init_array_start, .)
 *(SORT(.init_array.*))
 .init_array.00000
                0x2000063c        0x4 ..\..\..\libs\libc.a(lib_a-__call_atexit.o)
 *(.init_array)
 .init_array    0x20000640        0x4 c:/program files/gnu tools arm embedded/4.9 2014q4/bin/../lib/gcc/arm-none-eabi/4.9.3/armv7e-m/fpu/crtbegin.o
                0x20000644                PROVIDE (__init_array_end, .)
                0x20000644                . = ALIGN (0x4)
                0x20000644                PROVIDE (__fini_array_start, .)
 *(SORT(.fini_array.*))
 *(.fini_array)
 .fini_array    0x20000644        0x4 c:/program files/gnu tools arm embedded/4.9 2014q4/bin/../lib/gcc/arm-none-eabi/4.9.3/armv7e-m/fpu/crtbegin.o
                0x20000648                PROVIDE (__fini_array_end, .)
 *(.jcr*)
 .jcr           0x20000648        0x0 c:/program files/gnu tools arm embedded/4.9 2014q4/bin/../lib/gcc/arm-none-eabi/4.9.3/armv7e-m/fpu/crtbegin.o
 .jcr           0x20000648        0x4 c:/program files/gnu tools arm embedded/4.9 2014q4/bin/../lib/gcc/arm-none-eabi/4.9.3/armv7e-m/fpu/crtend.o
                0x2000064c                . = ALIGN (0x4)
                0x2000064c                __data_end__ = .
                0x2000064c                _edata = __data_end__

.igot.plt       0x2000064c        0x0 load address 0x0803aa2c
 .igot.plt      0x00000000        0x0 c:/program files/gnu tools arm embedded/4.9 2014q4/bin/../lib/gcc/arm-none-eabi/4.9.3/armv7e-m/fpu/crtbegin.o

.bss            0x20000650     0xdbc8 load address 0x0803aa30
                0x20000650                . = ALIGN (0x4)
                0x20000650                __bss_start__ = .
                0x20000650                _sbss = __bss_start__
 *(.bss*)
 .bss           0x20000650       0x1c c:/program files/gnu tools arm embedded/4.9 2014q4/bin/../lib/gcc/arm-none-eabi/4.9.3/armv7e-m/fpu/crtbegin.o
 .bss           0x2000066c        0x4 ..\obj\usbh_bsp.o
                0x2000066c                BSP_delay
 .bss           0x20000670       0x90 ..\obj\i2s.o
 .bss           0x20000700      0x17c ..\obj\audio_driver.o
 .bss           0x2000087c       0x10 ..\obj\usbd_req.o
                0x20000880                USBD_default_cfg
                0x20000884                USBD_cfg_status
                0x20000888                USBD_ep_status
 .bss           0x2000088c       0x1c ..\obj\usbd_cdc_core.o
                0x20000894                USB_Tx_State
                0x20000898                APP_Rx_ptr_out
                0x2000089c                APP_Rx_ptr_in
                0x200008a0                APP_Rx_length
 .bss           0x200008a8      0x840 ..\obj\ui_driver.o
                0x200008b2                drv_init
                0x200010b8                drv_state
                0x200010e0                ptt_break
                0x200010e4                unmute_delay
 .bss           0x200010e8        0x2 ..\obj\eeprom.o
                0x200010e8                DataVar
 *(COMMON)
 *fill*         0x200010ea        0x2 
 COMMON         0x200010ec        0x4 ..\obj\usbd_core.o
                0x200010ec                SET_TEST_MODE
 COMMON         0x200010f0      0x130 ..\obj\main.o
                0x200010f0                ts
 COMMON         0x20001220     0xb248 ..\obj\audio_driver.o
                0x20001220                test_a
                0x20003930                test_d
                0x20004100                lms1StateF32
                0x20004400                lms2StateF32
                0x20004700                lms1_instance
                0x20004710                errsig2
                0x20004814                lms2_nr_delay
                0x20005854                rx_buffer
                0x20005958                interpState
                0x20005a18                tx_buffer
                0x20005b1c                errsig1
                0x20005c20                FIR_Q
                0x20005c2c                iir_tx_state
                0x20005cec                lms1NormCoeff_f32
                0x20005fec                lms2NormCoeff_f32
                0x200062ec                test_b
                0x200089fc                FIR_Q_TX
                0x20008a08                sd
                0x20009868                result
                0x2000996c                agc_delay
                0x20009eac                lms1Norm_instance
                0x20009ec4                FIR_I_TX
                0x20009ed0                FIR_I
                0x20009edc                decimState
                0x20009f9c                sm
                0x20009fb0                IIR_TXFilter
                0x20009fc0                lms1_nr_delay
                0x2000a800                test_e
                0x2000afd0                lms2Norm_instance
                0x2000afe8                ads
                0x2000bc88                lms2_instance
                0x2000bc98                test_c
 COMMON         0x2000c468       0xff ..\obj\usbd_req.o
                0x2000c468                USBD_StrDesc
 *fill*         0x2000c567        0x1 
 COMMON         0x2000c568       0xb0 ..\obj\ui_menu.o
                0x2000c568                ks
                0x2000c58c                pwmt
                0x2000c59c                df
                0x2000c5d8                lo
                0x2000c5e8                ets
                0x2000c5f4                swrm
                0x2000c600                ews
                0x2000c60c                eos
 COMMON         0x2000c618      0x88c ..\obj\usbd_cdc_core.o
                0x2000c618                usbd_cdc_OtherCfgDesc
                0x2000c65c                USB_Rx_Buffer
                0x2000c69c                CmdBuff
                0x2000c6a4                APP_Rx_Buffer
 *fill*         0x2000cea4        0x4 
 COMMON         0x2000cea8       0x20 ..\obj\ui_si570.o
                0x2000cea8                os
 COMMON         0x2000cec8      0xa94 ..\obj\cat_driver.o
                0x2000cec8                USB_OTG_dev
 COMMON         0x2000d95c        0x4 ..\obj\softdds.o
                0x2000d95c                step
 COMMON         0x2000d960       0x18 ..\obj\cw_gen.o
                0x2000d960                ps
 COMMON         0x2000d978      0x820 ..\obj\mchf_board.o
                0x2000d978                fc
 COMMON         0x2000e198       0x80 ..\obj\ui_driver.o
                0x2000e198                band_decod_mode
                0x2000e1c0                kd
                0x2000e1c4                band_filter_mode
                0x2000e1ec                band_dial_value
                0x2000e214                es
                0x2000e218                . = ALIGN (0x4)
                0x2000e218                __bss_end__ = .
                0x2000e218                _ebss = __bss_end__

.heap           0x2000e218        0x0
                0x2000e218                __end__ = .
                0x2000e218                _end = __end__
                0x2000e218                end = __end__
 *(.heap*)
                0x2000e218                __HeapLimit = .

.co_stack       0x2000e218     0x1000 load address 0x080485f8
                0x2000e218                . = ALIGN (0x8)
 *(.co_stack .co_stack.*)
 .co_stack      0x2000e218     0x1000 ..\obj\startup_stm32f4xx.o
                0x2000e218                pulStack
                0x20020000                __StackTop = (ORIGIN (ram) + 0x20000)
                0x2001f000                __StackLimit = (__StackTop - SIZEOF (.co_stack))
                0x20020000                PROVIDE (__stack, __StackTop)
                0x00000001                ASSERT ((__StackLimit >= __HeapLimit), region ram  overflowed with stack)
LOAD ..\obj\stm32f4xx_syscfg.o
LOAD ..\obj\usb_core.o
LOAD ..\obj\usbd_audio_out_if.o
LOAD ..\obj\ui_rotary.o
LOAD ..\obj\usbd_usr.o
LOAD ..\obj\usbh_hcs.o
LOAD ..\obj\stm32f4xx_usart.o
LOAD ..\obj\usbh_stdreq.o
LOAD ..\obj\stm32f4xx_pwr.o
LOAD ..\obj\stm32f4xx_wwdg.o
LOAD ..\obj\mchf_hw_i2c.o
LOAD ..\obj\keyb_driver.o
LOAD ..\obj\stm32f4xx_dac.o
LOAD ..\obj\startup_stm32f4xx.o
LOAD ..\obj\usbd_core.o
LOAD ..\obj\usbh_hid_mouse.o
LOAD ..\obj\main.o
LOAD ..\obj\stm32f4xx_rcc.o
LOAD ..\obj\codec.o
LOAD ..\obj\stm32f4xx_adc.o
LOAD ..\obj\ui_lcd_hy28.o
LOAD ..\obj\printf.o
LOAD ..\obj\usbh_hid_core.o
LOAD ..\obj\usbh_bsp.o
LOAD ..\obj\usbd_desc.o
LOAD ..\obj\stm32f4xx_fsmc.o
LOAD ..\obj\usbh_core.o
LOAD ..\obj\stm32f4xx_gpio.o
LOAD ..\obj\ui_lcd_hy28_fonts.o
LOAD ..\obj\stm32f4xx_flash.o
LOAD ..\obj\usbd_cdc_vcp.o
LOAD ..\obj\system_stm32f4xx.o
LOAD ..\obj\syscalls.o
LOAD ..\obj\stm32f4xx_dma.o
LOAD ..\obj\usbh_usr.o
LOAD ..\obj\i2s.o
LOAD ..\obj\audio_driver.o
LOAD ..\obj\usbd_req.o
LOAD ..\obj\usb_dcd_int.o
LOAD ..\obj\ui_menu.o
LOAD ..\obj\usbd_cdc_core.o
LOAD ..\obj\usb_hcd.o
LOAD ..\obj\ui_si570.o
LOAD ..\obj\cat_driver.o
LOAD ..\obj\usb_otg.o
LOAD ..\obj\stm32f4xx_spi.o
LOAD ..\obj\softdds.o
LOAD ..\obj\stm32f4xx_i2c.o
LOAD ..\obj\stm32f4xx_exti.o
LOAD ..\obj\usbh_ioreq.o
LOAD ..\obj\misc.o
LOAD ..\obj\usb_dcd.o
LOAD ..\obj\mchf_hw_i2c2.o
LOAD ..\obj\cw_gen.o
LOAD ..\obj\usbh_hid_keybd.o
LOAD ..\obj\mchf_board.o
LOAD ..\obj\stm32f4xx_rtc.o
LOAD ..\obj\usbd_ioreq.o
LOAD ..\obj\usbd_bsp.o
LOAD ..\obj\usbd_audio_core.o
LOAD ..\obj\stm32f4xx_tim.o
LOAD ..\obj\ui_driver.o
LOAD ..\obj\usb_hcd_int.o
LOAD ..\obj\eeprom.o
LOAD ..\..\..\libs\libarm_cortexM4lf_math.a
LOAD ..\..\..\libs\libm.a
LOAD c:/program files/gnu tools arm embedded/4.9 2014q4/bin/../lib/gcc/arm-none-eabi/4.9.3/armv7e-m/fpu\libgcc.a
LOAD ..\..\..\libs\libc.a
LOAD c:/program files/gnu tools arm embedded/4.9 2014q4/bin/../lib/gcc/arm-none-eabi/4.9.3/../../../../arm-none-eabi/lib/armv7e-m/fpu\libstdc++.a
LOAD ..\..\..\libs\libg.a
START GROUP
LOAD c:/program files/gnu tools arm embedded/4.9 2014q4/bin/../lib/gcc/arm-none-eabi/4.9.3/armv7e-m/fpu\libgcc.a
LOAD ..\..\..\libs\libg.a
LOAD ..\..\..\libs\libc.a
END GROUP
LOAD c:/program files/gnu tools arm embedded/4.9 2014q4/bin/../lib/gcc/arm-none-eabi/4.9.3/armv7e-m/fpu/crtend.o
LOAD c:/program files/gnu tools arm embedded/4.9 2014q4/bin/../lib/gcc/arm-none-eabi/4.9.3/armv7e-m/fpu/crtn.o
OUTPUT(firmware_Target_Flash.elf elf32-littlearm)

.ARM.attributes
                0x00000000       0x32
 .ARM.attributes
                0x00000000       0x22 c:/program files/gnu tools arm embedded/4.9 2014q4/bin/../lib/gcc/arm-none-eabi/4.9.3/armv7e-m/fpu/crti.o
 .ARM.attributes
                0x00000022       0x34 c:/program files/gnu tools arm embedded/4.9 2014q4/bin/../lib/gcc/arm-none-eabi/4.9.3/armv7e-m/fpu/crtbegin.o
 .ARM.attributes
                0x00000056       0x39 ..\obj\stm32f4xx_syscfg.o
 .ARM.attributes
                0x0000008f       0x39 ..\obj\usb_core.o
 .ARM.attributes
                0x000000c8       0x39 ..\obj\ui_rotary.o
 .ARM.attributes
                0x00000101       0x39 ..\obj\usbd_usr.o
 .ARM.attributes
                0x0000013a       0x39 ..\obj\mchf_hw_i2c.o
 .ARM.attributes
                0x00000173       0x39 ..\obj\keyb_driver.o
 .ARM.attributes
                0x000001ac       0x39 ..\obj\stm32f4xx_dac.o
 .ARM.attributes
                0x000001e5       0x39 ..\obj\startup_stm32f4xx.o
 .ARM.attributes
                0x0000021e       0x39 ..\obj\usbd_core.o
 .ARM.attributes
                0x00000257       0x39 ..\obj\main.o
 .ARM.attributes
                0x00000290       0x39 ..\obj\stm32f4xx_rcc.o
 .ARM.attributes
                0x000002c9       0x39 ..\obj\codec.o
 .ARM.attributes
                0x00000302       0x39 ..\obj\stm32f4xx_adc.o
 .ARM.attributes
                0x0000033b       0x39 ..\obj\ui_lcd_hy28.o
 .ARM.attributes
                0x00000374       0x39 ..\obj\printf.o
 .ARM.attributes
                0x000003ad       0x39 ..\obj\usbh_bsp.o
 .ARM.attributes
                0x000003e6       0x39 ..\obj\usbd_desc.o
 .ARM.attributes
                0x0000041f       0x39 ..\obj\stm32f4xx_fsmc.o
 .ARM.attributes
                0x00000458       0x39 ..\obj\stm32f4xx_gpio.o
 .ARM.attributes
                0x00000491       0x39 ..\obj\ui_lcd_hy28_fonts.o
 .ARM.attributes
                0x000004ca       0x39 ..\obj\stm32f4xx_flash.o
 .ARM.attributes
                0x00000503       0x39 ..\obj\usbd_cdc_vcp.o
 .ARM.attributes
                0x0000053c       0x39 ..\obj\system_stm32f4xx.o
 .ARM.attributes
                0x00000575       0x39 ..\obj\stm32f4xx_dma.o
 .ARM.attributes
                0x000005ae       0x39 ..\obj\i2s.o
 .ARM.attributes
                0x000005e7       0x39 ..\obj\audio_driver.o
 .ARM.attributes
                0x00000620       0x39 ..\obj\usbd_req.o
 .ARM.attributes
                0x00000659       0x39 ..\obj\usb_dcd_int.o
 .ARM.attributes
                0x00000692       0x39 ..\obj\ui_menu.o
 .ARM.attributes
                0x000006cb       0x39 ..\obj\usbd_cdc_core.o
 .ARM.attributes
                0x00000704       0x39 ..\obj\ui_si570.o
 .ARM.attributes
                0x0000073d       0x39 ..\obj\cat_driver.o
 .ARM.attributes
                0x00000776       0x39 ..\obj\stm32f4xx_spi.o
 .ARM.attributes
                0x000007af       0x39 ..\obj\softdds.o
 .ARM.attributes
                0x000007e8       0x39 ..\obj\stm32f4xx_i2c.o
 .ARM.attributes
                0x00000821       0x39 ..\obj\stm32f4xx_exti.o
 .ARM.attributes
                0x0000085a       0x39 ..\obj\misc.o
 .ARM.attributes
                0x00000893       0x39 ..\obj\usb_dcd.o
 .ARM.attributes
                0x000008cc       0x39 ..\obj\mchf_hw_i2c2.o
 .ARM.attributes
                0x00000905       0x39 ..\obj\cw_gen.o
 .ARM.attributes
                0x0000093e       0x39 ..\obj\mchf_board.o
 .ARM.attributes
                0x00000977       0x39 ..\obj\usbd_ioreq.o
 .ARM.attributes
                0x000009b0       0x39 ..\obj\usbd_bsp.o
 .ARM.attributes
                0x000009e9       0x39 ..\obj\stm32f4xx_tim.o
 .ARM.attributes
                0x00000a22       0x39 ..\obj\ui_driver.o
 .ARM.attributes
                0x00000a5b       0x39 ..\obj\eeprom.o
 .ARM.attributes
                0x00000a94       0x3b ..\..\..\libs\libarm_cortexM4lf_math.a(arm_fill_q15.o)
 .ARM.attributes
                0x00000acf       0x3b ..\..\..\libs\libarm_cortexM4lf_math.a(arm_copy_f32.o)
 .ARM.attributes
                0x00000b0a       0x3b ..\..\..\libs\libarm_cortexM4lf_math.a(arm_min_f32.o)
 .ARM.attributes
                0x00000b45       0x3b ..\..\..\libs\libarm_cortexM4lf_math.a(arm_mean_f32.o)
 .ARM.attributes